[    0.000000] Booting Linux on physical CPU 0x0
[    0.000000] Linux version 4.9.253-tegra (root@nvidia-POC-500) (gcc version 7.3.1 20180425 [linaro-7.3-2018.05 revision d29120a424ecfbc167ef90065c0eeb7f91977701] (Linaro GCC 7.3-2018.05) ) #4 SMP PREEMPT Thu Dec 16 13:52:46 CST 2021
[    0.000000] Boot CPU: AArch64 Processor [4e0f0040]
[    0.000000] OF: fdt:memory scan node memory, reg size 48,
[    0.000000] OF: fdt: - 80000000 ,  2c000000
[    0.000000] OF: fdt: - ac200000 ,  44800000
[    0.000000] OF: fdt: - 100000000 ,  780000000
[    0.000000] earlycon: tegra_comb_uart0 at MMIO32 0x000000000c168000 (options '')
[    0.000000] bootconsole [tegra_comb_uart0] enabled
[    0.000000] Found tegra_fbmem: 00800000@a06aa000
[    0.000000] Found lut_mem: 00002008@a06a4000
[    0.000000] OF: reserved mem: initialized node ramoops_carveout, compatible id nvidia,ramoops
[    0.000000] OF: reserved mem: initialized node vpr-carveout, compatible id nvidia,vpr-carveout
[    0.000000] OF: reserved mem: initialized node grid-of-semaphores, compatible id nvidia,gosmem
[    0.000000] cma: Reserved 64 MiB at 0x00000000c2000000
[    0.000000] On node 0 totalpages: 8322557
[    0.000000]   DMA zone: 7160 pages used for memmap
[    0.000000]   DMA zone: 0 pages reserved
[    0.000000]   DMA zone: 458237 pages, LIFO batch:31
[    0.000000]   Normal zone: 122880 pages used for memmap
[    0.000000]   Normal zone: 7864320 pages, LIFO batch:31
[    0.000000] psci: probing for conduit method from DT.
[    0.000000] psci: PSCIv1.0 detected in firmware.
[    0.000000] psci: Using standard PSCI v0.2 function IDs
[    0.000000] psci: MIGRATE_INFO_TYPE not supported.
[    0.000000] psci: SMC Calling Convention v1.1
[    0.000000] percpu: Embedded 24 pages/cpu s57624 r8192 d32488 u98304
[    0.000000] pcpu-alloc: s57624 r8192 d32488 u98304 alloc=24*4096
[    0.000000] pcpu-alloc: [0] 0 [0] 1 [0] 2 [0] 3 [0] 4 [0] 5 [0] 6 [0] 7 
[    0.000000] Speculative Store Bypass Disable mitigation not required
[    0.000000] Built 1 zonelists in Zone order, mobility grouping on.  Total pages: 8192517
[    0.000000] Kernel command line: console=ttyTCU0,115200 video=tegrafb earlycon=tegra_comb_uart,mmio32,0x0c168000 gpt rootfs.slot_suffix= tegra_fbmem=0x800000@0xa06aa000 lut_mem=0x2008@0xa06a4000 usbcore.old_scheme_first=1 tegraid=19.1.2.0.0 maxcpus=8 boot.slot_suffix= boot.ratchetvalues=0.4.2 vpr_resize sdhci_tegra.en_boot_part_access=1    quiet root=/dev/mmcblk0p1 rw rootwait rootfstype=ext4 console=ttyTCU0,115200n8 console=tty0 fbcon=map:0 net.ifnames=0 rootfstype=ext4
[    0.000000] log_buf_len individual max cpu contribution: 32768 bytes
[    0.000000] log_buf_len total cpu_extra contributions: 229376 bytes
[    0.000000] log_buf_len min size: 32768 bytes
[    0.000000] log_buf_len: 262144 bytes
[    0.000000] early log buf free: 29952(91%)
[    0.000000] PID hash table entries: 4096 (order: 3, 32768 bytes)
[    0.000000] Dentry cache hash table entries: 4194304 (order: 13, 33554432 bytes)
[    0.000000] Inode-cache hash table entries: 2097152 (order: 12, 16777216 bytes)
[    0.000000] Memory: 31915804K/33290228K available (15998K kernel code, 3102K rwdata, 6996K rodata, 8896K init, 610K bss, 620760K reserved, 753664K cma-reserved)
[    0.000000] Virtual kernel memory layout:
[    0.000000]     modules : 0xffffff8000000000 - 0xffffff8008000000   (   128 MB)
[    0.000000]     vmalloc : 0xffffff8008000000 - 0xffffffbebfff0000   (   250 GB)
[    0.000000]       .text : 0xffffff8008080000 - 0xffffff8009020000   ( 16000 KB)
[    0.000000]     .rodata : 0xffffff8009020000 - 0xffffff8009700000   (  7040 KB)
[    0.000000]       .init : 0xffffff8009700000 - 0xffffff8009fb0000   (  8896 KB)
[    0.000000]       .data : 0xffffff8009fb0000 - 0xffffff800a2b7808   (  3103 KB)
[    0.000000]        .bss : 0xffffff800a2b7808 - 0xffffff800a350234   (   611 KB)
[    0.000000]     fixed   : 0xffffffbefe7fd000 - 0xffffffbefec00000   (  4108 KB)
[    0.000000]     PCI I/O : 0xffffffbefee00000 - 0xffffffbeffe00000   (    16 MB)
[    0.000000]     vmemmap : 0xffffffbf00000000 - 0xffffffc000000000   (     4 GB maximum)
[    0.000000]               0xffffffbf00000000 - 0xffffffbf20000000   (   512 MB actual)
[    0.000000]     memory  : 0xffffffc000000000 - 0xffffffc800000000   ( 32768 MB)
[    0.000000] SLUB: HWalign=64, Order=0-3, MinObjects=0, CPUs=8, Nodes=1
[    0.000000] Preemptible hierarchical RCU implementation.
[    0.000000] 	Build-time adjustment of leaf fanout to 64.
[    0.000000] 	RCU restricting CPUs from NR_CPUS=64 to nr_cpu_ids=8.
[    0.000000] RCU: Adjusting geometry for rcu_fanout_leaf=64, nr_cpu_ids=8
[    0.000000] NR_IRQS:64 nr_irqs:64 0
[    0.000000] GIC: Using split EOI/Deactivate mode
[    0.000000] arm_arch_timer: Architected cp15 timer(s) running at 31.25MHz (phys).
[    0.000000] clocksource: arch_sys_counter: mask: 0xffffffffffffff max_cycles: 0xe6a171046, max_idle_ns: 881590405314 ns
[    0.000004] sched_clock: 56 bits at 31MHz, resolution 32ns, wraps every 4398046511088ns
[    0.001125] Console: colour dummy device 80x25
[    0.001144] console [tty0] enabled
[    0.001152] bootconsole [tegra_comb_uart0] disabled
[    0.001167] kmemleak: Kernel memory leak detector disabled
[    0.001187] Calibrating delay loop (skipped), value calculated using timer frequency.. 62.50 BogoMIPS (lpj=125000)
[    0.001204] pid_max: default: 32768 minimum: 301
[    0.002312] Security Framework initialized
[    0.002891] Mount-cache hash table entries: 65536 (order: 7, 524288 bytes)
[    0.002902] Mountpoint-cache hash table entries: 65536 (order: 7, 524288 bytes)
[    0.004935] ftrace: allocating 48569 entries in 190 pages
[    0.411446] sched-energy: Sched-energy-costs installed from DT
[    0.411466] ASID allocator initialised with 65536 entries
[    0.452751] tegra-id: chipid=21917.
[    0.452763] tegra-id: opt_subrevision=1.
[    0.452791] Tegra Revision: A02p SKU: 0xd0 CPU Process: 0 SoC Process: 0
[    0.452810] DTS File Name: /dvs/git/dirty/git-master_linux/kernel/kernel-4.9/arch/arm64/boot/dts/../../../../../../hardware/nvidia/platform/t19x/galen/kernel-dts/common/tegra194-p2888-0001-p2822-0000-common.dtsi
[    0.452820] DTB Build time: Jul 26 2021 12:22:25
[    0.502040] CPU1: Booted secondary processor [4e0f0040]
[    0.534153] CPU2: Booted secondary processor [4e0f0040]
[    0.566232] CPU3: Booted secondary processor [4e0f0040]
[    0.598512] CPU4: Booted secondary processor [4e0f0040]
[    0.630694] CPU5: Booted secondary processor [4e0f0040]
[    0.663155] CPU6: Booted secondary processor [4e0f0040]
[    0.695029] CPU7: Booted secondary processor [4e0f0040]
[    0.695287] Brought up 8 CPUs
[    0.695335] SMP: Total of 8 processors activated.
[    0.695350] CPU features: detected feature: Privileged Access Never
[    0.695356] CPU features: detected feature: LSE atomic instructions
[    0.695363] CPU features: detected feature: User Access Override
[    0.695369] CPU features: detected feature: 32-bit EL0 Support
[    0.697042] CPU: All CPU(s) started at EL2
[    0.697128] alternatives: patching kernel code
[    0.706720] devtmpfs: initialized
[    0.782325] Initilizing CustomIPI irq domain
[    0.782584] clocksource: jiffies: mask: 0xffffffff max_cycles: 0xffffffff, max_idle_ns: 7645041785100000 ns
[    0.782605] futex hash table entries: 2048 (order: 5, 131072 bytes)
[    0.801478] pinctrl core: initialized pinctrl subsystem
[    0.801731] OS set in device tree is not L4T.
[    0.802116] regulator-dummy: no parameters
[    0.802478] Initializing plugin-manager
[    0.802536] Plugin module not found
[    0.802570] Plugin-manager status disabled
[    0.804259] NET: Registered protocol family 16
[    0.806564] pstore: using zlib compression
[    0.806589] console [pstore-1] enabled
[    0.806597] pstore: Registered ramoops as persistent store backend
[    0.806606] ramoops: attached 0x200000@0xf0800000, ecc: 0/0
[    0.826391] cpuidle: using governor menu
[    0.827584] bpmp: waiting for handshake
[    0.827618] bpmp: handshake completed
[    0.827652] bpmp: synchronizing channels
[    0.827665] bpmp: channels synchronized
[    0.827671] bpmp: mail init ok
[    0.830656] t19x-arm-smmu 12000000.iommu: found 3 SMMUs and ISO SMMU id is 2
[    0.830876] t19x-arm-smmu 12000000.iommu: probing hardware configuration...
[    0.830883] t19x-arm-smmu 12000000.iommu: SMMUv2 with:
[    0.830912] t19x-arm-smmu 12000000.iommu: 	stage 1 translation
[    0.830919] t19x-arm-smmu 12000000.iommu: 	stage 2 translation
[    0.830925] t19x-arm-smmu 12000000.iommu: 	nested translation
[    0.830934] t19x-arm-smmu 12000000.iommu: 	stream matching with 128 register groups, mask 0x7f80
[    0.830962] t19x-arm-smmu 12000000.iommu: SMMU address space size (0x800000) differs from mapped region size (0x1000000)!
[    0.830969] t19x-arm-smmu 12000000.iommu: 	64 context banks (0 stage-2 only)
[    0.830976] t19x-arm-smmu 12000000.iommu: 	Stage-1: 39-bit VA -> 48-bit IPA
[    0.830982] t19x-arm-smmu 12000000.iommu: 	Stage-2: 39-bit IPA -> 48-bit PA
[    0.834938] vdso: 2 pages (1 code @ ffffff8009027000, 1 data @ ffffff8009fb4000)
[    0.834968] hw-breakpoint: found 6 breakpoint and 4 watchpoint registers.
[    0.837597] atomic_pool_init():622: DMA: preallocated 1024 KiB pool for atomic allocations
[    0.839085] tegra_aon_clk_init: ok
[    0.839099] Registering BPMP clocks...
[    0.839250] tegra_bpmp_clk_init: clock init ok (400 clks)
[    0.840160] Serial: AMBA PL011 UART driver
[    0.840332] tegra_powergate_init: DONE
[    0.840398] DTS File Name: /dvs/git/dirty/git-master_linux/kernel/kernel-4.9/arch/arm64/boot/dts/../../../../../../hardware/nvidia/platform/t19x/galen/kernel-dts/common/tegra194-p2888-0001-p2822-0000-common.dtsi
[    0.840410] DTB Build time: Jul 26 2021 12:22:25
[    0.843805] Tegra reboot handler registered.
[    0.852060] iommu: Adding device 14180000.pcie to group 0
[    0.852946] iommu: Adding device 14100000.pcie to group 1
[    0.853645] iommu: Adding device 14140000.pcie to group 2
[    0.854354] iommu: Adding device 14160000.pcie to group 3
[    0.855075] iommu: Adding device 141a0000.pcie to group 4
[    0.856935] iommu: Adding device 2490000.ether_qos to group 5
[    0.857669] iommu: Adding device 3100000.serial to group 6
[    0.858266] iommu: Adding device 3110000.serial to group 7
[    0.858724] iommu: Adding device 3140000.serial to group 8
[    0.859351] tegra-pmc c360000.pmc: scratch reg offset dts data not present
[    0.859498] tegra-pmc: get_secure_pmc_setting: done secure_pmc=0
[    0.859522] tegra-pmc: ### PMC reset source: TEGRA_SOFTWARE_RESET
[    0.859530] tegra-pmc: ### PMC reset level: TEGRA_RESET_LEVEL_L1
[    0.859538] tegra-pmc: ### PMC reset status reg: 0x2d
[    0.859585] tegra-pmc: PMC Prod config success
[    0.859811] padctrl padctrl.0: Pad control driver tegra-pmc-padctrl registered
[    0.859825] tegra-pmc c360000.pmc: IO padctrl driver initialized
[    0.860163] iommu: Adding device 3460000.sdhci to group 9
[    0.860718] iommu: Adding device 2450000.ufshci to group 10
[    0.861282] iommu: Adding device 3210000.spi to group 11
[    0.861732] iommu: Adding device c260000.spi to group 12
[    0.862648] iommu: Adding device 3160000.i2c to group 13
[    0.863120] iommu: Adding device c240000.i2c to group 14
[    0.863508] iommu: Adding device 3180000.i2c to group 15
[    0.864007] iommu: Adding device 3190000.i2c to group 16
[    0.864528] iommu: Adding device 31b0000.i2c to group 17
[    0.864910] iommu: Adding device 31c0000.i2c to group 18
[    0.865322] iommu: Adding device c250000.i2c to group 19
[    0.865740] iommu: Adding device 31e0000.i2c to group 20
[    0.866826] iommu: Adding device 3510000.hda to group 21
[    0.867428] iommu: Adding device bc00000.rtcpu to group 22
[    0.869337] iommu: Adding device 13e10000.host1x to group 23
[    0.869779] iommu: Adding device 13e10000.host1x:ctx0 to group 24
[    0.870203] iommu: Adding device 13e10000.host1x:ctx1 to group 25
[    0.870614] iommu: Adding device 13e10000.host1x:ctx2 to group 26
[    0.871037] iommu: Adding device 13e10000.host1x:ctx3 to group 27
[    0.871503] iommu: Adding device 13e10000.host1x:ctx4 to group 28
[    0.871883] iommu: Adding device 13e10000.host1x:ctx5 to group 29
[    0.872249] iommu: Adding device 13e10000.host1x:ctx6 to group 30
[    0.872727] iommu: Adding device 13e10000.host1x:ctx7 to group 31
[    0.873256] iommu: Adding device 15340000.vic to group 32
[    0.873684] iommu: Adding device 15380000.nvjpg to group 33
[    0.873998] iommu: Adding device 15500000.tsec to group 34
[    0.874261] iommu: Adding device 15100000.tsecb to group 35
[    0.874553] iommu: Adding device 15480000.nvdec to group 36
[    0.874874] iommu: Adding device 15140000.nvdec1 to group 37
[    0.875194] iommu: Adding device 154c0000.nvenc to group 38
[    0.875508] iommu: Adding device 15a80000.nvenc1 to group 39
[    0.875902] iommu: Adding device 15880000.nvdla0 to group 40
[    0.876284] iommu: Adding device 158c0000.nvdla1 to group 41
[    0.876846] iommu: Adding device 15210000.nvdisplay to group 42
[    0.877068] platform 15210000.nvdisplay: IOVA linear map 0x00000000a06aa000(800000)
[    0.877089] platform 15210000.nvdisplay: IOVA linear map 0x00000000a06a4000(3000)
[    0.881120] platform 15210000.nvdisplay: IOVA linear map 0x00000000c6000000(2a000000)
[    0.881228] t19x-arm-smmu: Adding 15210000.nvdisplay to ISO SMMU client
[    0.881750] iommu: Adding device 15220000.nvdisplay to group 43
[    0.881837] t19x-arm-smmu: Adding 15220000.nvdisplay to ISO SMMU client
[    0.883820] iommu: Adding device 15c10000.vi to group 44
[    0.884040] t19x-arm-smmu: Adding 15c10000.vi to ISO SMMU client
[    0.884441] iommu: Adding device 14800000.isp to group 45
[    0.885472] iommu: Adding device 16000000.pva0 to group 46
[    0.886009] iommu: Adding device 16800000.pva1 to group 47
[    0.886461] iommu: Adding device 15810000.se to group 48
[    0.886969] iommu: Adding device 15820000.se to group 49
[    0.887250] iommu: Adding device 15830000.se to group 50
[    0.887517] iommu: Adding device 15840000.se to group 51
[    0.887789] iommu: Adding device c1a0000.aon to group 52
[    0.889738] iommu: Adding device d000000.bpmp to group 53
[    0.890191] bpmp: ping status is 0
[    0.890337] bpmp d000000.bpmp: firmware tag is e73a758761f0c6d24a1e69a2ac6b5035
[    0.893513] bpmp d000000.bpmp: probe ok
[    0.895232] tegra-reset 0.bpmp_reset: registered 190 resets.
[    0.895696] iommu: Adding device smmu_test to group 54
[    0.896796] mc: mapped MMIO address: 0xffffff800a710000 -> 0x2c10000
[    0.896838] mc: mapped MMIO address: 0xffffff800a730000 -> 0x2c20000
[    0.896860] mc: mapped MMIO address: 0xffffff800a750000 -> 0x2c30000
[    0.896877] mc: mapped MMIO address: 0xffffff800a770000 -> 0x2c40000
[    0.896900] mc: mapped MMIO address: 0xffffff800a790000 -> 0x2c50000
[    0.896916] mc: mapped MMIO address: 0xffffff800a7b0000 -> 0x2b80000
[    0.896932] mc: mapped MMIO address: 0xffffff800a7d0000 -> 0x2b90000
[    0.896947] mc: mapped MMIO address: 0xffffff800a9b0000 -> 0x2ba0000
[    0.896964] mc: mapped MMIO address: 0xffffff800a9d0000 -> 0x2bb0000
[    0.896979] mc: mapped MMIO address: 0xffffff800a9f0000 -> 0x1700000
[    0.897000] mc: mapped MMIO address: 0xffffff800aa10000 -> 0x1710000
[    0.897015] mc: mapped MMIO address: 0xffffff800aa30000 -> 0x1720000
[    0.897030] mc: mapped MMIO address: 0xffffff800aa50000 -> 0x1730000
[    0.897045] mc: mapped MMIO address: 0xffffff800aa70000 -> 0x1740000
[    0.897060] mc: mapped MMIO address: 0xffffff800aa90000 -> 0x1750000
[    0.897075] mc: mapped MMIO address: 0xffffff800aab0000 -> 0x1760000
[    0.897090] mc: mapped MMIO address: 0xffffff800aad0000 -> 0x1770000
[    0.897171] mc-err: mcerr ops are set to t19x
[    0.903102] iommu: Adding device 2600000.dma to group 55
[    0.908093] gpio gpiochip0: gpio-line-names specifies 210 line names but there are 224 lines on the chip
[    0.909199] GPIO line 339 (wifi-enable) hogged as output/high
[    0.909245] GPIO line 320 (SOM_GPO0) hogged as output/low
[    0.909285] GPIO line 321 (SOM_GPO1) hogged as output/low
[    0.909324] GPIO line 322 (SOM_GPO2) hogged as output/low
[    0.909363] GPIO line 323 (SOM_GPO3) hogged as output/low
[    0.909402] GPIO line 325 (SOM_GPI1) hogged as input
[    0.909440] GPIO line 331 (SOM_GPI2) hogged as input
[    0.909478] GPIO line 326 (SOM_GPI3) hogged as input
[    0.909515] GPIO line 349 (UART_ENABLE) hogged as output/high
[    0.909557] GPIO line 373 (RS232_ENABLE) hogged as output/high
[    0.909596] GPIO line 327 (GPO_USB3_0_EN) hogged as output/high
[    0.909635] GPIO line 328 (GPO_USB3_1_EN) hogged as output/high
[    0.909675] GPIO line 329 (GPO_USB3_2_EN) hogged as output/high
[    0.909713] GPIO line 330 (USB_SW_OCn) hogged as input
[    0.909760] GPIO line 332 (CAN0_TERM) hogged as output/high
[    0.909800] GPIO line 333 (CAN1_TERM) hogged as output/high
[    0.909843] GPIO line 360 (PWRLED) hogged as output/high
[    0.909885] GPIO line 361 (GPO_FAN_EN) hogged as output/high
[    0.909931] GPIO line 363 (GPIO_RF_KILL1_mPCIE0_n) hogged as output/high
[    0.909972] GPIO line 364 (POC0_INT_N) hogged as input
[    0.910013] GPIO line 365 (POC1_INT_N) hogged as input
[    0.910048] GPIO line 432 (GMSL0_PWDN_N) hogged as output/high
[    0.910081] GPIO line 433 (GMSL0_CCBSY_N) hogged as input
[    0.910113] GPIO line 434 (GMSL0_LFLT_N) hogged as input
[    0.910145] GPIO line 435 (GMSL0_LMO_N) hogged as input
[    0.910177] GPIO line 436 (GMSL0_ERR_N) hogged as input
[    0.910209] GPIO line 437 (GMSL0_LOCK) hogged as input
[    0.910243] GPIO line 440 (GMSL1_PWDN_N) hogged as output/high
[    0.910275] GPIO line 443 (GMSL1_CCBSY_N) hogged as input
[    0.910307] GPIO line 444 (GMSL1_LFLT_N) hogged as input
[    0.910340] GPIO line 445 (GMSL1_LMO_N) hogged as input
[    0.910373] GPIO line 446 (GMSL1_ERR_N) hogged as input
[    0.910406] GPIO line 438 (GMSL1_LOCK) hogged as input
[    0.910458] GPIO line 339 (GPIO_PWR_POE_EN) hogged as output/high
[    0.910496] GPIO line 343 (GPIO_PSE_RESET_n) hogged as output/high
[    0.910812] gpiochip_setup_dev: registered GPIOs 288 to 511 on device: gpiochip0 (tegra-gpio)
[    0.918240] gpio gpiochip1: gpio-line-names specifies 30 line names but there are 40 lines on the chip
[    0.918345] GPIO line 253 (pex-refclk-sel-low) hogged as output/low
[    0.918639] gpiochip_setup_dev: registered GPIOs 248 to 287 on device: gpiochip1 (tegra-gpio-aon)
[    0.920838] tegra186-aowake c370000.pmc: WAKE_AOWAKE_CNTRL_83 = 0x10a
[    0.920855] tegra186-aowake c370000.pmc: WAKE_AOWAKE_CTRL_0 = 3
[    0.920864] tegra186-aowake c370000.pmc: WAKE_AOWAKE_CNTRL_24(PMU_INT) = 256
[    0.921646] iommu: Adding device 3550000.xudc to group 56
[    0.922313] iommu: Adding device 3610000.xhci to group 57
[    0.924571] arm64_ras arm64_ras: probed
[    0.924981] ras_fhi_enable: FHI 479 enabled on CPU0
[    0.925030] ras_fhi_enable: FHI 480 enabled on CPU1
[    0.925088] ras_fhi_enable: FHI 481 enabled on CPU2
[    0.925151] ras_fhi_enable: FHI 482 enabled on CPU3
[    0.925193] ras_fhi_enable: FHI 483 enabled on CPU4
[    0.925253] ras_fhi_enable: FHI 484 enabled on CPU5
[    0.925306] ras_fhi_enable: FHI 485 enabled on CPU6
[    0.925355] ras_fhi_enable: FHI 486 enabled on CPU7
[    0.925555] carmel_ras_enable: RAS enabled on cpu0
[    0.925757] carmel_ras_enable: RAS enabled on cpu1
[    0.925989] carmel_ras_enable: RAS enabled on cpu2
[    0.926163] carmel_ras_enable: RAS enabled on cpu3
[    0.926344] carmel_ras_enable: RAS enabled on cpu4
[    0.926521] carmel_ras_enable: RAS enabled on cpu5
[    0.926733] carmel_ras_enable: RAS enabled on cpu6
[    0.926935] carmel_ras_enable: RAS enabled on cpu7
[    0.927023] carmel_ras carmel_ras: probed
[    0.928357] tegra-cbb 2300000.cbb-noc: noc_secure_irq = 488, noc_nonsecure_irq = 487>
[    0.928913] tegra-cbb c600000.aon-noc: noc_secure_irq = 490, noc_nonsecure_irq = 489>
[    0.929848] tegra-cbb d600000.bpmp-noc: noc_secure_irq = 492, noc_nonsecure_irq = 491>
[    0.930772] tegra-cbb be00000.rce-noc: noc_secure_irq = 494, noc_nonsecure_irq = 493>
[    0.931587] tegra-cbb b600000.sce-noc: noc_secure_irq = 496, noc_nonsecure_irq = 495>
[    0.931999] tegra-cbb 14040000.cv-noc: defer probe as CV-NOC not probed yet
[    0.934999] vdd-3v3-cvb: 3300 mV 
[    0.935326] vdd-1v8-cvb: 1800 mV 
[    0.935697] vdd-1v8-sd: 1800 mV 
[    0.935973] vdd-epb-1v0: 1000 mV 
[    0.936218] vdd-epb-1v0: supplied by vdd-3v3-cvb
[    0.936479] vdd-sdmmc1-sw: 3300 mV 
[    0.936836] avdd-cam-2v8: 2800 mV 
[    0.937113] vdd-sata-1v5: 1500 mV 
[    0.937410] vdd-1v8-slt: 1800 mV 
[    0.937681] vdd-3v3-slt: 3300 mV 
[    0.937960] vdd-fan: 5000 mV 
[    0.938286] vdd-hdmi-5v0: 5000 mV 
[    0.938682] vdd_sys_en: 1200 mV 
[    0.939125] vdd-5v-sata: 5000 mV 
[    0.939584] vdd-3v3-pcie: 3300 mV 
[    0.940015] vdd-12v-pcie: 1200 mV 
[    0.940339] vdd-ac-bat: 5000 mV 
[    0.940523] vdd-5v-sata: supplied by vdd-ac-bat
[    0.971686] HugeTLB registered 2 MB page size, pre-allocated 0 pages
[    0.976144] eventlib_kernel: keventlib is initialized, test id: 0
[    0.976482] SCSI subsystem initialized
[    0.976729] libata version 3.00 loaded.
[    0.977024] usbcore: registered new interface driver usbfs
[    0.977073] usbcore: registered new interface driver hub
[    0.977169] usbcore: registered new device driver usb
[    0.988981] tegra-i2c 31e0000.i2c: could not find pctldev for node /host1x/dpaux@155F0000/pinmux@0, deferring probe
[    0.991721] max77620 4-003c: PMIC Version OTP:0x51 and ES:0x1
[    0.999329] vdd-1v0: at 1000 mV 
[    1.001141] vdd-1v8-hs: at 1800 mV 
[    1.005226] vdd-1v8-ls: at 1800 mV 
[    1.009239] vdd-1v8-ao: at 1800 mV 
[    1.013353] vddio-ddr-1v1: at 1100 mV 
[    1.017088] vdd-rtc: at 800 mV 
[    1.018100] spmic-ldo1: at 2375 mV 
[    1.025127] vdd-ao-3v3: at 3300 mV 
[    1.033192] vddio-emmc-3v3: at 3300 mV 
[    1.034165] spmic-ldo4: at 1587 mV 
[    1.041264] vdd-usb-3v3: at 3300 mV 
[    1.049307] vddio-sdmmc1-3v3: at 3300 mV 
[    1.053322] vdd-csi-1v2: at 1200 mV 
[    1.054356] spmic-ldo8: at 1800 mV 
[    1.058448] GPIO line 246 (gpio_default) hogged as output/high
[    1.059395] GPIO line 247 (gpio_default) hogged as output/high
[    1.059737] gpiochip_setup_dev: registered GPIOs 240 to 247 on device: gpiochip2 (max77620-gpio)
[    1.060021] max77620 4-003c: max77620 probe successful
[    1.060557] media: Linux media interface: v0.10
[    1.060657] Linux video capture interface: v2.00
[    1.062101] pps_core: LinuxPPS API ver. 1 registered
[    1.062108] pps_core: Software ver. 5.3.6 - Copyright 2005-2007 Rodolfo Giometti <giometti@linux.it>
[    1.062126] PTP clock support registered
[    1.062338] tegra_wdt_t18x 30c0000.watchdog: Expiry count is deprecated
[    1.062644] tegra_wdt_t18x 30c0000.watchdog: Tegra WDT init timeout = 120 sec
[    1.062701] tegra_wdt_t18x 30c0000.watchdog: Registered successfully
[    1.065107] trusty trusty: trusty version: Built: 12:20:34 Jul 26 2021 
[    1.065166] trusty trusty: selected api version: 3 (requested 3)
[    1.066035] Advanced Linux Sound Architecture Driver Initialized.
[    1.066525] Bluetooth: Core ver 2.22
[    1.066579] NET: Registered protocol family 31
[    1.066584] Bluetooth: HCI device and connection manager initialized
[    1.066594] Bluetooth: HCI socket layer initialized
[    1.066603] Bluetooth: L2CAP socket layer initialized
[    1.066643] Bluetooth: SCO socket layer initialized
[    1.069174] camchar: rtcpu character device driver loaded
[    1.070221] clocksource: Switched to clocksource arch_sys_counter
[    1.135416] VFS: Disk quotas dquot_6.6.0
[    1.135577] VFS: Dquot-cache hash table entries: 512 (order 0, 4096 bytes)
[    1.136007] nvmap_heap_init: nvmap_heap_init: created heap block cache
[    1.137594] tegra-carveouts tegra-carveouts: assigned reserved memory node grid-of-semaphores
[    1.137652] dma_declare_coherent_resizable_cma_memory:324: resizable heap=vpr, base=0x00000000c6000000, size=0x2a000000
[    1.137886] cma: enabled page replacement for spfn=c6000, epfn=f0000
[    1.137894] dma_declare_coherent_resizable_cma_memory:373: resizable cma heap=vpr create successful
[    1.137906] nvmap: nvmap_select_cache_ops() nvmap cache ops set to scf
[    1.137916] nvmap_page_pool_init: Total RAM pages: 8167367
[    1.137926] nvmap_page_pool_init: nvmap page pool size: 1020920 pages (3987 MB)
[    1.138147] nvmap_background_zero_thread: PP zeroing thread starting.
[    1.138909] misc nvmap: created heap vpr base 0x00000000c6000000 size (688128KiB)
[    1.140002] tegra-gpcdma 2600000.dma: GPC DMA driver register 31 channels
[    1.152334] thermal thermal_zone0: Registering thermal zone thermal_zone0 for type CPU-therm
[    1.152604] thermal thermal_zone1: Registering thermal zone thermal_zone1 for type GPU-therm
[    1.152878] thermal thermal_zone2: Registering thermal zone thermal_zone2 for type AUX-therm
[    1.153061] thermal thermal_zone3: Registering thermal zone thermal_zone3 for type AO-therm
[    1.153243] thermal thermal_zone4: Registering thermal zone thermal_zone4 for type PMIC-Die
[    1.153345] thermal thermal_zone5: Registering thermal zone thermal_zone5 for type Tboard_tegra
[    1.153447] thermal thermal_zone6: Registering thermal zone thermal_zone6 for type Tdiode_tegra
[    1.154750] la/ptsa driver initialized.
[    1.155199] NET: Registered protocol family 2
[    1.156202] TCP established hash table entries: 262144 (order: 9, 2097152 bytes)
[    1.157306] TCP bind hash table entries: 65536 (order: 8, 1048576 bytes)
[    1.157886] TCP: Hash tables configured (established 262144 bind 65536)
[    1.157941] UDP hash table entries: 16384 (order: 7, 524288 bytes)
[    1.158446] UDP-Lite hash table entries: 16384 (order: 7, 524288 bytes)
[    1.159209] NET: Registered protocol family 1
[    1.159766] RPC: Registered named UNIX socket transport module.
[    1.159771] RPC: Registered udp transport module.
[    1.159776] RPC: Registered tcp transport module.
[    1.159780] RPC: Registered tcp NFSv4.1 backchannel transport module.
[    1.159790] PCI: CLS 0 bytes, default 64
[    1.160018] Trying to unpack rootfs image as initramfs...
[    1.381592] Freeing initrd memory: 7068K
[    1.402598] host1x 13e10000.host1x: initialized
[    1.404901] hw perfevents: enabled with armv8_pmuv3 PMU driver, 7 counters available
[    1.409945] audit: initializing netlink subsys (disabled)
[    1.409986] audit: type=2000 audit(1.016:1): initialized
[    1.410728] workingset: timestamp_bits=46 max_order=23 bucket_order=0
[    1.420134] squashfs: version 4.0 (2009/01/31) Phillip Lougher
[    1.421285] ntfs: driver 2.1.32 [Flags: R/W].
[    1.421863] SGI XFS with ACLs, security attributes, realtime, debug enabled
[    1.424582] 9p: Installing v9fs 9p2000 file system support
[    1.430555] Block layer SCSI generic (bsg) driver version 0.4 loaded (major 240)
[    1.430719] io scheduler noop registered
[    1.430945] io scheduler cfq registered (default)
[    1.434688] gic 2a41000.agic-controller: GIC IRQ controller registered
[    1.435797] random: fast init done
[    1.469724] iommu: Adding device 2993000.adsp to group 58
[    1.577207] iommu: Adding device aconnect@2a41000:adsp_audio to group 59
[    1.578119] tegra-aconnect aconnect@2a41000: Tegra ACONNECT bus registered
[    1.591020] tegra-pwm 3280000.pwm: PWM clk can sleep in ops
[    1.591436] tegra-pwm c340000.pwm: PWM clk can sleep in ops
[    1.592023] tegra-pwm 32c0000.pwm: PWM clk can sleep in ops
[    1.592446] tegra-pwm 32f0000.pwm: PWM clk can sleep in ops
[    1.595199] tegra_camera_platform tegra-camera-platform: tegra_camera_probe:camera_platform_driver probe
[    1.595401] misc tegra_camera_ctrl: tegra_camera_isomgr_register tpg_max_iso = 3916800KBs
[    1.595413] misc tegra_camera_ctrl: tegra_camera_isomgr_register isp_iso_bw=4687500, vi_iso_bw=3750000, max_bw=4687500
[    1.598811] tsec 15500000.tsec: initialized
[    1.600841] tsec 15100000.tsecb: initialized
[    1.604983] nvdec 15480000.nvdec: initialized
[    1.607936] nvdec 15140000.nvdec1: initialized
[    1.614855] falcon 15340000.vic: initialized
[    1.617094] falcon 15380000.nvjpg: initialized
[    1.619196] falcon 154c0000.nvenc: initialized
[    1.621409] falcon 15a80000.nvenc1: initialized
[    1.623921] iommu_context_dev 13e10000.host1x:ctx0: initialized (streamid=56)
[    1.625346] iommu_context_dev 13e10000.host1x:ctx1: initialized (streamid=57)
[    1.626933] iommu_context_dev 13e10000.host1x:ctx2: initialized (streamid=58)
[    1.628365] iommu_context_dev 13e10000.host1x:ctx3: initialized (streamid=59)
[    1.629783] iommu_context_dev 13e10000.host1x:ctx4: initialized (streamid=60)
[    1.631156] iommu_context_dev 13e10000.host1x:ctx5: initialized (streamid=61)
[    1.632509] iommu_context_dev 13e10000.host1x:ctx6: initialized (streamid=62)
[    1.634021] iommu_context_dev 13e10000.host1x:ctx7: initialized (streamid=63)
[    1.637628] t194-nvcsi 15a00000.nvcsi: initialized
[    1.643200] scare-pigeon 13e10000.host1x:vi-thi@15f00000: initialized
[    1.643560] scare-pigeon 14b00000.isp-thi: initialized
[    1.653490] pva 16000000.pva0: initialized
[    1.684729] pva 16800000.pva1: initialized
[    1.715011] nvdla 15880000.nvdla0: initialized
[    1.744197] nvdla 158c0000.nvdla1: initialized
[    1.745894] tegradccommon 15200000.dc_common: host1x channel mapped
[    1.745912] tegradccommon 15200000.dc_common: dc_common syncpt # 1 allocated
[    1.745982] tegradccommon 15200000.dc_common: dma mapping done
[    1.746633] tegradc 15210000.nvdisplay: disp0 connected to head1->/host1x/sor
[    1.746670] tegradc 15210000.nvdisplay: parse_dp_settings: No dp-lt-settings node
[    1.746759] tegradc 15210000.nvdisplay: DT parsed successfully
[    1.746792] tegradc 15210000.nvdisplay: Display dc.ffffff800be20000 registered with id=0
[    1.750723] tegra_nvdisp_bandwidth_register_max_config: max config iso bw = 15681600 KB/s
[    1.750739] tegra_nvdisp_bandwidth_register_max_config: max config EMC floor = 1066500000 Hz
[    1.750749] tegra_nvdisp_bandwidth_register_max_config: max config hubclk = 358400000 Hz
[    1.751008] tegradc 15210000.nvdisplay: vblank syncpt # 8 for dc 1
[    1.751022] tegradc 15210000.nvdisplay: vpulse3 syncpt # 9 for dc 1
[    1.761932] tegradc 15210000.nvdisplay: probed
[    1.762567] Console: switching to colour frame buffer device 80x30
[    1.762601] tegradc 15210000.nvdisplay: fb registered
[    1.766079] hpd: state 7 (Takeover from bootloader), hpd 0, pending_hpd_evt 1
[    1.766088] hpd: switching from state 7 (Takeover from bootloader) to state 0 (Reset)
[    1.766106] hpd: state 0 (Reset), hpd 0, pending_hpd_evt 0
[    1.766122] tegradc 15210000.nvdisplay: blank - powerdown
[    1.766216] extcon-disp-state external-connection:disp-state: cable 44 state 0 already set.
[    1.766226] Extcon DP: HPD disabled
[    1.766235] hpd: hpd_switch 0
[    1.766240] hpd: switching from state 0 (Reset) to state 1 (Check Plug)
[    1.766257] hpd: state 1 (Check Plug), hpd 0, pending_hpd_evt 0
[    1.766265] hpd: switching from state 1 (Check Plug) to state 3 (Disabled)
[    1.766576] tegra_cec 3960000.tegra_cec: dt=1 start=0x03960000 end=0x03960FFF irq=85
[    1.766589] tegra_cec 3960000.tegra_cec: Unpowergate DISP: 0.
[    1.766871] tegra_cec 3960000.tegra_cec: Enable clock result: 0.
[    1.766897] tegra_cec 3960000.tegra_cec: tegra_cec_init started
[    1.767161] tegra_cec 3960000.tegra_cec: cec_add_sysfs ret=0
[    1.767170] tegra_cec 3960000.tegra_cec: probed
[    1.767844] tegradc 15220000.nvdisplay: disp1 connected to head2->/host1x/sor1
[    1.767932] tegradc 15220000.nvdisplay: parse_dp_settings: No dp-lt-settings node
[    1.768092] tegradc 15220000.nvdisplay: DT parsed successfully
[    1.768128] tegradc 15220000.nvdisplay: Display dc.ffffff800bf10000 registered with id=1
[    1.768396] tegradc 15220000.nvdisplay: vblank syncpt # 11 for dc 2
[    1.768405] tegradc 15220000.nvdisplay: vpulse3 syncpt # 12 for dc 2
[    1.777942] tegradc 15220000.nvdisplay: probed
[    1.778296] tegradc 15220000.nvdisplay: fb registered
[    1.778366] tegra-adma 2930000.adma: Tegra210 ADMA driver registered 32 channels
[    1.779007] tegra-fuse-burn 3820000.efuse:efuse-burn: shutdown limit check disabled
[    1.779015] tegra-fuse-burn 3820000.efuse:efuse-burn: Fuse burn driver initialized
[    1.779352] kfuse 3830000.kfuse: initialized
[    1.781659] hpd: state 7 (Takeover from bootloader), hpd 0, pending_hpd_evt 1
[    1.781668] hpd: switching from state 7 (Takeover from bootloader) to state 0 (Reset)
[    1.781680] hpd: state 0 (Reset), hpd 0, pending_hpd_evt 0
[    1.781694] tegradc 15220000.nvdisplay: blank - powerdown
[    1.781716] extcon-disp-state external-connection:disp-state: cable 44 state 0 already set.
[    1.781721] Extcon DP: HPD disabled
[    1.781725] hpd: hpd_switch 0
[    1.781731] hpd: switching from state 0 (Reset) to state 1 (Check Plug)
[    1.781742] hpd: state 1 (Check Plug), hpd 0, pending_hpd_evt 0
[    1.781751] hpd: switching from state 1 (Check Plug) to state 3 (Disabled)
[    1.784438] Serial: 8250/16550 driver, 4 ports, IRQ sharing disabled
[    1.786954] 3100000.serial: ttyTHS0 at MMIO 0x3100000 (irq = 53, base_baud = 0) is a TEGRA_UART
[    1.788345] 3110000.serial: ttyTHS1 at MMIO 0x3110000 (irq = 54, base_baud = 0) is a TEGRA_UART
[    1.789206] 3140000.serial: ttyTHS4 at MMIO 0x3140000 (irq = 55, base_baud = 0) is a TEGRA_UART
[    1.790251] console [ttyTCU0] enabled
[    1.790487] [drm] Initialized
[    1.801953] brd: module loaded
[    1.806765] loop: module loaded
[    1.806830] tegra_profiler: version: 1.145, samples/io: 49/28
[    1.806937] tegra_profiler: auth: init
[    1.807374] nct1008_nct72 4-004c: starting parse dt
[    1.807503] nct1008_nct72 4-004c: !!!Found deprecated property!!!
[    1.807517] nct1008_nct72 4-004c: success parsing dt
[    1.807611] nct1008_nct72 4-004c: success in enabling tmp451 VDD rail
[    1.807841] THERMAL EST: found 3 subdevs
[    1.807848] THERMAL EST num_resources: 0
[    1.807893] [THERMAL EST subdev 0]
[    1.807904] [THERMAL EST subdev 1]
[    1.807910] [THERMAL EST subdev 2]
[    1.807919] THERMAL EST: Found 2 profiles, default profile is quiet
[    1.808241] thermal thermal_zone7: Registering thermal zone thermal_zone7 for type thermal-fan-est
[    1.808246] THERMAL EST: thz register success.
[    1.808365] THERMAL EST: end of probe, return err: 0
[    1.809116] ufs_tegra 2450000.ufshci: freq-table-hz property not specified
[    1.809126] ufs_tegra 2450000.ufshci: ufshcd_populate_vreg: Unable to find vdd-hba-supply regulator, assuming enabled
[    1.809872] ufs_tegra 2450000.ufshci: wakeup init done, cdirq 461
[    1.809883] gpio tegra-gpio-aon wake25 for gpio=32(EE:0)
[    1.821206] sd: No Scsi addr parsed to reserve index
[    1.821238] hisi_sas: driver version v1.6
[    1.826459] libphy: Fixed MDIO Bus: probed
[    1.827049] tun: Universal TUN/TAP device driver, 1.6
[    1.827054] tun: (C) 1999-2004 Max Krasnyansky <maxk@qualcomm.com>
[    1.827684] e1000e: Intel(R) PRO/1000 Network Driver - 3.2.6-k
[    1.827689] e1000e: Copyright(c) 1999 - 2015 Intel Corporation.
[    1.827718] igb: Intel(R) Gigabit Ethernet Network Driver - version 5.4.0-k
[    1.827722] igb: Copyright (c) 2007-2014 Intel Corporation.
[    1.827750] igbvf: Intel(R) Gigabit Virtual Function Network Driver - version 2.4.0-k
[    1.827754] igbvf: Copyright (c) 2009 - 2012 Intel Corporation.
[    1.842505] nct1008_nct72 4-004c: LOC shutdown limit 107
[    1.843196] nct1008_nct72 4-004c: EXT shutdown limit 109
[    1.879996] nct1008_nct72 4-004c: initial LOC temp: 47000 
[    1.880545] nct1008_nct72 4-004c: initial EXT temp: 51750 
[    1.881604] nct1008_nct72 4-004c: hi_b:-10, lo_b:128
[    1.882544] nct1008_nct72 4-004c: nct1008_probe: initialized
[    2.786218] tegra_cec 3960000.tegra_cec: Can't find physical addresse.
[    2.786226] tegra_cec 3960000.tegra_cec: tegra_cec_init Done.
[    7.284624] eqos 2490000.ether_qos: failed to read eqos_auto_cal_config_0_reg
[    7.285239] eqos 2490000.ether_qos: Setting local MAC: 48 b0 2d 4d 48 83
[    7.285259] Using phyrst_lpmode = 1 from DT
[    7.285349] libphy: dwc_phy: probed
[    7.287492] PPP generic driver version 2.4.2
[    7.287727] PPP BSD Compression module registered
[    7.287761] PPP Deflate Compression module registered
[    7.287780] PPP MPPE Compression module registered
[    7.287786] NET: Registered protocol family 24
[    7.287835] usbcore: registered new interface driver r8152
[    7.287868] usbcore: registered new interface driver asix
[    7.287900] usbcore: registered new interface driver ax88179_178a
[    7.287924] usbcore: registered new interface driver cdc_ether
[    7.287948] usbcore: registered new interface driver net1080
[    7.287972] usbcore: registered new interface driver cdc_subset
[    7.287995] usbcore: registered new interface driver zaurus
[    7.288032] usbcore: registered new interface driver cdc_ncm
[    7.288251] VFIO - User Level meta-driver version: 0.3
[    7.289404] ehci_hcd: USB 2.0 'Enhanced' Host Controller (EHCI) Driver
[    7.289439] ehci-pci: EHCI PCI platform driver
[    7.289478] ohci_hcd: USB 1.1 'Open' Host Controller (OHCI) Driver
[    7.289489] ohci-pci: OHCI PCI platform driver
[    7.289524] ohci-platform: OHCI generic platform driver
[    7.295028] tegra-xusb 3610000.xhci: No USB port has OTG_CAP
[    7.298561] usbcore: registered new interface driver uas
[    7.298603] usbcore: registered new interface driver usb-storage
[    7.298679] usbcore: registered new interface driver usbserial
[    7.300191] tegra-xusb 3610000.xhci: Firmware timestamp: 2020-09-11 16:55:03 UTC, Version: 60.09 release
[    7.300236] tegra-xusb 3610000.xhci: xHCI Host Controller
[    7.300255] tegra-xusb 3610000.xhci: new USB bus registered, assigned bus number 1
[    7.300954] tegra-xusb 3610000.xhci: hcc params 0x0184ff25 hci version 0x110 quirks 0x00050810
[    7.301022] tegra-xusb 3610000.xhci: irq 474, io mem 0x03610000
[    7.301287] usb usb1: New USB device found, idVendor=1d6b, idProduct=0002
[    7.301295] usb usb1: New USB device strings: Mfr=3, Product=2, SerialNumber=1
[    7.301300] usb usb1: Product: xHCI Host Controller
[    7.301306] usb usb1: Manufacturer: Linux 4.9.253-tegra xhci-hcd
[    7.301311] usb usb1: SerialNumber: 3610000.xhci
[    7.301744] hub 1-0:1.0: USB hub found
[    7.301791] hub 1-0:1.0: 4 ports detected
[    7.302270] tegra-xusb 3610000.xhci: xHCI Host Controller
[    7.302281] tegra-xusb 3610000.xhci: new USB bus registered, assigned bus number 2
[    7.302291] tegra-xusb 3610000.xhci: Host supports USB 3.1 Enhanced SuperSpeed
[    7.302656] usb usb2: New USB device found, idVendor=1d6b, idProduct=0003
[    7.302663] usb usb2: New USB device strings: Mfr=3, Product=2, SerialNumber=1
[    7.302669] usb usb2: Product: xHCI Host Controller
[    7.302675] usb usb2: Manufacturer: Linux 4.9.253-tegra xhci-hcd
[    7.302681] usb usb2: SerialNumber: 3610000.xhci
[    7.303173] hub 2-0:1.0: USB hub found
[    7.303213] hub 2-0:1.0: 4 ports detected
[    7.303941] Wake76 for irq=199
[    7.303947] Wake77 for irq=199
[    7.303951] Wake78 for irq=199
[    7.303954] Wake79 for irq=199
[    7.303958] Wake80 for irq=199
[    7.303962] Wake81 for irq=199
[    7.303965] Wake82 for irq=199
[    7.304004] tegra-xusb 3610000.xhci: Upgrade port 0 to USB3.0
[    7.304011] tegra-xusb 3610000.xhci: Upgrade port 1 to USB3.0
[    7.304343] tegra-xudc-new 3550000.xudc: PMQOS CPU boost enabled
[    7.304380] tegra-xudc-new 3550000.xudc: extcon_get_extcon_dev_by_cable failed -19
[    7.305110] mousedev: PS/2 mouse device common for all mice
[    7.305205] usbcore: registered new interface driver xpad
[    7.406557] usb usb2: usb_suspend_both: status 0
[    7.435962] max77686-rtc max77620-rtc: rtc core: registered max77620-rtc as rtc0
[    7.437471] Wake73 for irq=42
[    7.438790] rtc rtc1: alarm rtc device
[    7.438806] tegra_rtc c2a0000.rtc: rtc core: registered c2a0000.rtc as rtc1
[    7.438832] tegra_rtc c2a0000.rtc: Tegra internal Real Time Clock
[    7.438944] i2c /dev entries driver
[    7.441288] pps_ldisc: PPS line discipline registered
[    7.441700] pps_core: source pps.-1 got cdev (248:0)
[    7.441710] pps pps0: new PPS source pps.-1
[    7.441772] pps pps0: Registered IRQ 237 as PPS source
[    7.442256] max77620-power max20024-power: Event recorder REG_NVERC : 0x0
[    7.448390] tegra-thermal-throttle bthrot_cdev: cpufreq policy is not ready defer
[    7.448786] FAN dev name: pwm-fan
[    7.448840] FAN:gpio request success.
[    7.448849] FAN: can't find tach_gpio
[    7.448860] pwm_fan_driver pwm-fan: Found 2 profiles, default profile is quiet
[    7.448884] pwm_fan_driver pwm-fan: cap state:4, cap pwm:255
[    7.449069] pwm_fan_driver pwm-fan: got pwm for fan. polarity is normal
[    7.449076] pwm_fan_driver pwm-fan: tach period: 1000
[    7.449929] pwm_fan_driver pwm-fan: index 0: pwm=0, rpm=0, rru=40, rrd=40, state:2
[    7.449938] pwm_fan_driver pwm-fan: index 1: pwm=77, rpm=1000, rru=2, rrd=2, state:2
[    7.449945] pwm_fan_driver pwm-fan: index 2: pwm=120, rpm=2000, rru=1, rrd=1, state:2
[    7.449951] pwm_fan_driver pwm-fan: index 3: pwm=160, rpm=3000, rru=1, rrd=1, state:2
[    7.449958] pwm_fan_driver pwm-fan: index 4: pwm=255, rpm=4000, rru=1, rrd=1, state:3
[    7.449964] pwm_fan_driver pwm-fan: index 5: pwm=255, rpm=5000, rru=1, rrd=1, state:3
[    7.449970] pwm_fan_driver pwm-fan: index 6: pwm=255, rpm=6000, rru=1, rrd=1, state:3
[    7.449976] pwm_fan_driver pwm-fan: index 7: pwm=255, rpm=7000, rru=1, rrd=1, state:4
[    7.449983] pwm_fan_driver pwm-fan: index 8: pwm=255, rpm=10000, rru=1, rrd=1, state:4
[    7.449990] pwm_fan_driver pwm-fan: index 9: pwm=255, rpm=11000, rru=1, rrd=1, state:4
[    7.450756] tegra-oc-event d280000.soctherm-oc-event: OC driver initialized
[    7.451383] device-mapper: uevent: version 1.0.3
[    7.451723] device-mapper: ioctl: 4.35.0-ioctl (2016-06-23) initialised: dm-devel@redhat.com
[    7.464738] tegra194_cpufreq_probe: platform driver Initialization: pass
[    7.466115] cpuidle: Initializing cpuidle driver
[    7.467163] sdhci: Secure Digital Host Controller Interface driver
[    7.467185] sdhci: Copyright(c) Pierre Ossman
[    7.467189] sdhci-pltfm: SDHCI platform and OF driver helper
[    7.468758] sdhci-tegra 3460000.sdhci: Client registration for eMC Successful
[    7.471474] CMDQ: cmdq_platfm_init successful
[    7.477279] tegra-se-nvhost 15810000.se: initialized
[    7.478632] tegra-se-nvhost 15810000.se: tegra_se_probe: complete
[    7.479398] tegra-se-nvhost 15820000.se: initialized
[    7.480507] tegra-se-nvhost 15820000.se: tegra_se_probe: complete
[    7.481235] tegra-se-nvhost 15830000.se: initialized
[    7.481838] tegra-se-nvhost 15830000.se: tegra_se_probe: complete
[    7.482893] tegra-se-nvhost 15840000.se: initialized
[    7.483728] tegra-se-nvhost 15840000.se: tegra_se_probe: complete
[    7.484719] tegra-se-elp 3ad0000.se_elp: tegra_se_elp_probe: complete
[    7.484811] hidraw: raw HID events driver (C) Jiri Kosina
[    7.485794] usbcore: registered new interface driver usbhid
[    7.485797] usbhid: USB HID core driver
[    7.491572] tegra186-cam-rtcpu bc00000.rtcpu: deferring, 14800000.isp is not probed
[    7.492574] tegra_aon c1a0000.aon: tegra aon driver probe OK
[    7.492926] tegra186-aondbg aondbg: aondbg driver probe() OK
[    7.493354] denver_knobs_init:MTS_VERSION:53250041
[    7.493654] tegra19x_actmon d230000.actmon: in actmon_register()...
[    7.494314] tegra19x_actmon d230000.actmon: initialization Completed for the device mc_all
[    7.494619] t19x_cache tegra-cache: probed
[    7.501134] misc nvmap: cvsram :dma coherent mem declare 0x0000000050000000,4194304
[    7.501141] misc nvmap: created heap cvsram base 0x0000000050000000 size (4096KiB)
[    7.501548] carmel-pmu-drv carmel-pmu: Registered Carmel PMU
[    7.503412] Clocks initialized successfully
[    7.518209] mmc0: SDHCI controller on 3460000.sdhci [3460000.sdhci] using ADMA 64-bit with 64 bit addr
[    7.523579] nvpmodel: initialized successfully
[    7.524493] trusty-virtio trusty:virtio: initializing
[    7.524647] trusty_ipc virtio0: vring0: va(pa)  ffffffc7d71bc000(0) qsz 32 notifyid 1
[    7.524655] trusty_ipc virtio0: vring1: va(pa)  ffffffc7d71be000(0) qsz 32 notifyid 2
[    7.524795] trusty-virtio trusty:virtio: initializing done
[    7.524980] trusty_ipc virtio0: is online
[    7.525892] tegra-hda 3510000.hda: Override SDO lines to 4
[    7.526252] usbcore: registered new interface driver snd-usb-audio
[    7.538156] input: tegra-hda-galen-t194 HDMI/DP,pcm=3 as /devices/3510000.hda/sound/card0/input0
[    7.538356] input: tegra-hda-galen-t194 HDMI/DP,pcm=7 as /devices/3510000.hda/sound/card0/input1
[    7.538474] input: tegra-hda-galen-t194 HDMI/DP,pcm=8 as /devices/3510000.hda/sound/card0/input2
[    7.538624] input: tegra-hda-galen-t194 HDMI/DP,pcm=9 as /devices/3510000.hda/sound/card0/input3
[    7.604113] mmc0: mmc_decode_ext_csd: CMDQ supported: depth: 31, cmdq_support: 1
[    7.619164] mmc0: periodic cache flush enabled
[    7.619176] mmc0: new HS400 Enhanced strobe MMC card at address 0001
[    7.619646] mmcblk0: mmc0:0001 HBG4a2 29.1 GiB 
[    7.619879] mmcblk0boot0: mmc0:0001 HBG4a2 partition 1 8.00 MiB
[    7.620066] mmcblk0boot1: mmc0:0001 HBG4a2 partition 2 8.00 MiB
[    7.620225] mmcblk0rpmb: mmc0:0001 HBG4a2 partition 3 4.00 MiB
[    7.624308]  mmcblk0: p1 p2 p3 p4 p5 p6 p7 p8 p9 p10 p11 p12 p13 p14 p15 p16 p17 p18 p19 p20 p21 p22 p23 p24 p25 p26 p27 p28 p29 p30 p31 p32 p33 p34 p35 p36 p37 p38 p39 p40 p41 p42
[    7.626244] usb 1-2: new full-speed USB device number 2 using tegra-xusb
[    7.629514] OPE platform probe
[    7.629599] OPE platform probe successful
[    7.633034] u32 classifier
[    7.633037]     Actions configured
[    7.633098] Initializing XFRM netlink socket
[    7.633514] NET: Registered protocol family 10
[    7.634074] NET: Registered protocol family 17
[    7.634083] NET: Registered protocol family 15
[    7.634114] bridge: filtering via arp/ip/ip6tables is no longer available by default. Update your scripts to load br_netfilter if you need this.
[    7.634227] Bluetooth: RFCOMM socket layer initialized
[    7.634238] Bluetooth: RFCOMM ver 1.11
[    7.634244] Bluetooth: HIDP (Human Interface Emulation) ver 1.2
[    7.634249] Bluetooth: HIDP socket layer initialized
[    7.634264] 9pnet: Installing 9P2000 support
[    7.634295] Key type dns_resolver registered
[    7.634554] Registered cp15_barrier emulation handler
[    7.634572] Registered setend emulation handler
[    7.636205] registered taskstats version 1
[    7.636377] tegra-pcie-dw 14180000.pcie: Setting init speed to max speed
[    7.637844] OF: PCI: host bridge /pcie@14180000 ranges:
[    7.637882] OF: PCI:    IO 0x38100000..0x381fffff -> 0x38100000
[    7.637901] OF: PCI:   MEM 0x1b40000000..0x1bffffffff -> 0x40000000
[    7.637916] OF: PCI:   MEM 0x1800000000..0x1b3fffffff -> 0x1800000000
[    7.647095] usb 1-2: New USB device found, idVendor=1546, idProduct=01a9
[    7.647102] usb 1-2: New USB device strings: Mfr=1, Product=2, SerialNumber=0
[    7.647106] usb 1-2: Product: u-blox GNSS receiver
[    7.647110] usb 1-2: Manufacturer: u-blox AG - www.u-blox.com
[    7.766259] usb 1-3: new full-speed USB device number 3 using tegra-xusb
[    7.788837] usb 1-3: New USB device found, idVendor=1d50, idProduct=606f
[    7.788843] usb 1-3: New USB device strings: Mfr=1, Product=2, SerialNumber=3
[    7.788846] usb 1-3: Product: USB2CAN v1
[    7.788850] usb 1-3: Manufacturer: InnoMaker
[    7.788853] usb 1-3: SerialNumber: 0034003C4141571120383234
[    8.151459] tegra-pcie-dw 14180000.pcie: link is down
[    8.151570] tegra-pcie-dw 14180000.pcie: PCI host bridge to bus 0000:00
[    8.151577] pci_bus 0000:00: root bus resource [bus 00-ff]
[    8.151593] pci_bus 0000:00: root bus resource [io  0x0000-0xfffff] (bus address [0x38100000-0x381fffff])
[    8.151603] pci_bus 0000:00: root bus resource [mem 0x1b40000000-0x1bffffffff] (bus address [0x40000000-0xffffffff])
[    8.151607] pci_bus 0000:00: root bus resource [mem 0x1800000000-0x1b3fffffff pref]
[    8.151635] pci 0000:00:00.0: [10de:1ad0] type 01 class 0x060400
[    8.151782] pci 0000:00:00.0: PME# supported from D0 D3hot D3cold
[    8.151976] iommu: Adding device 0000:00:00.0 to group 60
[    8.152150] pci 0000:00:00.0: PCI bridge to [bus 01-ff]
[    8.152170] pci 0000:00:00.0: Max Payload Size set to  256/ 256 (was  256), Max Read Rq  512
[    8.152345] pcieport 0000:00:00.0: Signaling PME through PCIe PME interrupt
[    8.152352] pcie_pme 0000:00:00.0:pcie001: service driver pcie_pme loaded
[    8.152408] aer 0000:00:00.0:pcie002: service driver aer loaded
[    8.152527] pcie_pme 0000:00:00.0:pcie001: unloading service driver pcie_pme
[    8.152559] aer 0000:00:00.0:pcie002: unloading service driver aer
[    8.152619] pci_bus 0000:01: busn_res: [bus 01-ff] is released
[    8.152670] iommu: Removing device 0000:00:00.0 from group 60
[    8.152689] pci_bus 0000:00: busn_res: [bus 00-ff] is released
[    8.153953] tegra-pcie-dw 14180000.pcie: PCIe link is not up...!
[    8.154743] tegra-pcie-dw 14100000.pcie: Setting init speed to max speed
[    8.155870] OF: PCI: host bridge /pcie@14100000 ranges:
[    8.155895] OF: PCI:    IO 0x30100000..0x301fffff -> 0x30100000
[    8.155910] OF: PCI:   MEM 0x1230000000..0x123fffffff -> 0x40000000
[    8.155935] OF: PCI:   MEM 0x1200000000..0x122fffffff -> 0x1200000000
[    8.670901] tegra-pcie-dw 14100000.pcie: link is down
[    8.671077] tegra-pcie-dw 14100000.pcie: PCI host bridge to bus 0001:00
[    8.671085] pci_bus 0001:00: root bus resource [bus 00-ff]
[    8.671091] pci_bus 0001:00: root bus resource [io  0x100000-0x1fffff] (bus address [0x30100000-0x301fffff])
[    8.671095] pci_bus 0001:00: root bus resource [mem 0x1230000000-0x123fffffff] (bus address [0x40000000-0x4fffffff])
[    8.671123] pci_bus 0001:00: root bus resource [mem 0x1200000000-0x122fffffff pref]
[    8.671148] pci 0001:00:00.0: [10de:1ad2] type 01 class 0x060400
[    8.671290] pci 0001:00:00.0: PME# supported from D0 D3hot D3cold
[    8.671464] iommu: Adding device 0001:00:00.0 to group 60
[    8.671738] pci 0001:00:00.0: PCI bridge to [bus 01-ff]
[    8.671759] pci 0001:00:00.0: Max Payload Size set to  256/ 256 (was  256), Max Read Rq  512
[    8.671955] pcieport 0001:00:00.0: Signaling PME through PCIe PME interrupt
[    8.671961] pcie_pme 0001:00:00.0:pcie001: service driver pcie_pme loaded
[    8.672056] aer 0001:00:00.0:pcie002: service driver aer loaded
[    8.672208] pcie_pme 0001:00:00.0:pcie001: unloading service driver pcie_pme
[    8.672273] aer 0001:00:00.0:pcie002: unloading service driver aer
[    8.672350] pci_bus 0001:01: busn_res: [bus 01-ff] is released
[    8.672426] iommu: Removing device 0001:00:00.0 from group 60
[    8.672505] pci_bus 0001:00: busn_res: [bus 00-ff] is released
[    8.673747] tegra-pcie-dw 14100000.pcie: PCIe link is not up...!
[    8.674401] tegra-pcie-dw 14140000.pcie: Setting init speed to max speed
[    8.675675] OF: PCI: host bridge /pcie@14140000 ranges:
[    8.675689] OF: PCI:    IO 0x34100000..0x341fffff -> 0x34100000
[    8.675696] OF: PCI:   MEM 0x12b0000000..0x12bfffffff -> 0x40000000
[    8.675701] OF: PCI:   MEM 0x1280000000..0x12afffffff -> 0x1280000000
[    8.786236] tegra-pcie-dw 14140000.pcie: link is up
[    8.786457] tegra-pcie-dw 14140000.pcie: PCI host bridge to bus 0003:00
[    8.786464] pci_bus 0003:00: root bus resource [bus 00-ff]
[    8.786471] pci_bus 0003:00: root bus resource [io  0x200000-0x2fffff] (bus address [0x34100000-0x341fffff])
[    8.786475] pci_bus 0003:00: root bus resource [mem 0x12b0000000-0x12bfffffff] (bus address [0x40000000-0x4fffffff])
[    8.786479] pci_bus 0003:00: root bus resource [mem 0x1280000000-0x12afffffff pref]
[    8.786502] pci 0003:00:00.0: [10de:1ad2] type 01 class 0x060400
[    8.786617] pci 0003:00:00.0: PME# supported from D0 D3hot D3cold
[    8.786782] iommu: Adding device 0003:00:00.0 to group 60
[    8.787107] pci 0003:01:00.0: [1b21:0612] type 00 class 0x010601
[    8.787197] pci 0003:01:00.0: reg 0x10: [io  0x0000-0x0007]
[    8.787243] pci 0003:01:00.0: reg 0x14: [io  0x0000-0x0003]
[    8.787288] pci 0003:01:00.0: reg 0x18: [io  0x0000-0x0007]
[    8.787333] pci 0003:01:00.0: reg 0x1c: [io  0x0000-0x0003]
[    8.787379] pci 0003:01:00.0: reg 0x20: [io  0x0000-0x001f]
[    8.787425] pci 0003:01:00.0: reg 0x24: [mem 0x00000000-0x000001ff]
[    8.787470] pci 0003:01:00.0: reg 0x30: [mem 0x00000000-0x0000ffff pref]
[    8.787982] iommu: Adding device 0003:01:00.0 to group 61
[    8.799885] pci 0003:00:00.0: BAR 14: assigned [mem 0x12b0000000-0x12b00fffff]
[    8.799890] pci 0003:00:00.0: BAR 13: assigned [io  0x200000-0x200fff]
[    8.799898] pci 0003:01:00.0: BAR 6: assigned [mem 0x12b0000000-0x12b000ffff pref]
[    8.799902] pci 0003:01:00.0: BAR 5: assigned [mem 0x12b0010000-0x12b00101ff]
[    8.799924] pci 0003:01:00.0: BAR 4: assigned [io  0x200000-0x20001f]
[    8.799944] pci 0003:01:00.0: BAR 0: assigned [io  0x200020-0x200027]
[    8.799965] pci 0003:01:00.0: BAR 2: assigned [io  0x200028-0x20002f]
[    8.799986] pci 0003:01:00.0: BAR 1: assigned [io  0x200030-0x200033]
[    8.800006] pci 0003:01:00.0: BAR 3: assigned [io  0x200034-0x200037]
[    8.800027] pci 0003:00:00.0: PCI bridge to [bus 01-ff]
[    8.800047] pci 0003:00:00.0:   bridge window [io  0x200000-0x200fff]
[    8.800053] pci 0003:00:00.0:   bridge window [mem 0x12b0000000-0x12b00fffff]
[    8.800069] pci 0003:00:00.0: Max Payload Size set to  256/ 256 (was  256), Max Read Rq  512
[    8.800115] pci 0003:01:00.0: Max Payload Size set to  256/ 512 (was  128), Max Read Rq  512
[    8.800346] pcieport 0003:00:00.0: Signaling PME through PCIe PME interrupt
[    8.800350] pci 0003:01:00.0: Signaling PME through PCIe PME interrupt
[    8.800355] pcie_pme 0003:00:00.0:pcie001: service driver pcie_pme loaded
[    8.800501] aer 0003:00:00.0:pcie002: service driver aer loaded
[    8.800757] ahci 0003:01:00.0: version 3.0
[    8.800781] ahci 0003:01:00.0: enabling device (0000 -> 0003)
[    8.800983] ahci 0003:01:00.0: SSS flag set, parallel bus scan disabled
[    8.801053] ahci 0003:01:00.0: AHCI 0001.0200 32 slots 2 ports 6 Gbps 0x3 impl SATA mode
[    8.801060] ahci 0003:01:00.0: flags: 64bit ncq sntf stag led clo pmp pio slum part ccc sxs 
[    8.801828] scsi host1: ahci
[    8.802246] scsi host2: ahci
[    8.802344] ata1: SATA max UDMA/133 abar m512@0x12b0010000 port 0x12b0010100 irq 565
[    8.802351] ata2: SATA max UDMA/133 abar m512@0x12b0010000 port 0x12b0010180 irq 565
[    8.802522] tegra-pcie-dw 14160000.pcie: Setting init speed to max speed
[    8.803359] OF: PCI: host bridge /pcie@14160000 ranges:
[    8.803374] OF: PCI:    IO 0x36100000..0x361fffff -> 0x36100000
[    8.803381] OF: PCI:   MEM 0x1740000000..0x17ffffffff -> 0x40000000
[    8.803386] OF: PCI:   MEM 0x1400000000..0x173fffffff -> 0x1400000000
[    8.910229] tegra-pcie-dw 14160000.pcie: link is up
[    8.910414] tegra-pcie-dw 14160000.pcie: PCI host bridge to bus 0004:00
[    8.910420] pci_bus 0004:00: root bus resource [bus 00-ff]
[    8.910427] pci_bus 0004:00: root bus resource [io  0x300000-0x3fffff] (bus address [0x36100000-0x361fffff])
[    8.910432] pci_bus 0004:00: root bus resource [mem 0x1740000000-0x17ffffffff] (bus address [0x40000000-0xffffffff])
[    8.910436] pci_bus 0004:00: root bus resource [mem 0x1400000000-0x173fffffff pref]
[    8.910457] pci 0004:00:00.0: [10de:1ad1] type 01 class 0x060400
[    8.910596] pci 0004:00:00.0: PME# supported from D0 D3hot D3cold
[    8.910796] iommu: Adding device 0004:00:00.0 to group 62
[    8.911014] pci 0004:01:00.0: [144d:a80a] type 00 class 0x010802
[    8.911128] pci 0004:01:00.0: reg 0x10: [mem 0x00000000-0x00003fff 64bit]
[    8.912142] iommu: Adding device 0004:01:00.0 to group 63
[    8.923069] pci 0004:00:00.0: BAR 14: assigned [mem 0x1740000000-0x17400fffff]
[    8.923094] pci 0004:01:00.0: BAR 0: assigned [mem 0x1740000000-0x1740003fff 64bit]
[    8.923153] pci 0004:00:00.0: PCI bridge to [bus 01-ff]
[    8.923160] pci 0004:00:00.0:   bridge window [mem 0x1740000000-0x17400fffff]
[    8.923175] pci 0004:00:00.0: Max Payload Size set to  256/ 256 (was  256), Max Read Rq  512
[    8.923217] pci 0004:01:00.0: Max Payload Size set to  256/ 256 (was  128), Max Read Rq  512
[    8.923408] pcieport 0004:00:00.0: Signaling PME through PCIe PME interrupt
[    8.923412] pci 0004:01:00.0: Signaling PME through PCIe PME interrupt
[    8.923417] pcie_pme 0004:00:00.0:pcie001: service driver pcie_pme loaded
[    8.923499] aer 0004:00:00.0:pcie002: service driver aer loaded
[    8.923822] nvme nvme0: pci function 0004:01:00.0
[    8.923867] nvme 0004:01:00.0: enabling device (0000 -> 0002)
[    8.924042] tegra-pcie-dw 141a0000.pcie: Setting init speed to max speed
[    9.030929] OF: PCI: host bridge /pcie@141a0000 ranges:
[    9.030944] OF: PCI:    IO 0x3a100000..0x3a1fffff -> 0x3a100000
[    9.030951] OF: PCI:   MEM 0x1f40000000..0x1fffffffff -> 0x40000000
[    9.030956] OF: PCI:   MEM 0x1c00000000..0x1f3fffffff -> 0x1c00000000
[    9.037451]  nvme0n1: p1
[    9.116908] ata1: SATA link down (SStatus 0 SControl 300)
[    9.138275] tegra-pcie-dw 141a0000.pcie: link is up
[    9.138477] tegra-pcie-dw 141a0000.pcie: PCI host bridge to bus 0005:00
[    9.138485] pci_bus 0005:00: root bus resource [bus 00-ff]
[    9.138492] pci_bus 0005:00: root bus resource [io  0x400000-0x4fffff] (bus address [0x3a100000-0x3a1fffff])
[    9.138497] pci_bus 0005:00: root bus resource [mem 0x1f40000000-0x1fffffffff] (bus address [0x40000000-0xffffffff])
[    9.138500] pci_bus 0005:00: root bus resource [mem 0x1c00000000-0x1f3fffffff pref]
[    9.138522] pci 0005:00:00.0: [10de:1ad0] type 01 class 0x060400
[    9.138633] pci 0005:00:00.0: PME# supported from D0 D3hot D3cold
[    9.138843] iommu: Adding device 0005:00:00.0 to group 64
[    9.139100] pci 0005:01:00.0: [8086:1521] type 00 class 0x020000
[    9.139200] pci 0005:01:00.0: reg 0x10: [mem 0x00000000-0x0001ffff]
[    9.139283] pci 0005:01:00.0: reg 0x18: [io  0x0000-0x001f]
[    9.139327] pci 0005:01:00.0: reg 0x1c: [mem 0x00000000-0x00003fff]
[    9.139982] pci 0005:01:00.0: PME# supported from D0 D3hot
[    9.140194] pci 0005:01:00.0: reg 0x184: [mem 0x00000000-0x00003fff 64bit pref]
[    9.140198] pci 0005:01:00.0: VF(n) BAR0 space: [mem 0x00000000-0x0001ffff 64bit pref] (contains BAR0 for 8 VFs)
[    9.140313] pci 0005:01:00.0: reg 0x190: [mem 0x00000000-0x00003fff 64bit pref]
[    9.140316] pci 0005:01:00.0: VF(n) BAR3 space: [mem 0x00000000-0x0001ffff 64bit pref] (contains BAR3 for 8 VFs)
[    9.140761] iommu: Adding device 0005:01:00.0 to group 65
[    9.140900] pci 0005:01:00.1: [8086:1521] type 00 class 0x020000
[    9.140987] pci 0005:01:00.1: reg 0x10: [mem 0x00000000-0x0001ffff]
[    9.141071] pci 0005:01:00.1: reg 0x18: [io  0x0000-0x001f]
[    9.141114] pci 0005:01:00.1: reg 0x1c: [mem 0x00000000-0x00003fff]
[    9.141733] pci 0005:01:00.1: PME# supported from D0 D3hot
[    9.141942] pci 0005:01:00.1: reg 0x184: [mem 0x00000000-0x00003fff 64bit pref]
[    9.141946] pci 0005:01:00.1: VF(n) BAR0 space: [mem 0x00000000-0x0001ffff 64bit pref] (contains BAR0 for 8 VFs)
[    9.142062] pci 0005:01:00.1: reg 0x190: [mem 0x00000000-0x00003fff 64bit pref]
[    9.142066] pci 0005:01:00.1: VF(n) BAR3 space: [mem 0x00000000-0x0001ffff 64bit pref] (contains BAR3 for 8 VFs)
[    9.142550] iommu: Adding device 0005:01:00.1 to group 66
[    9.142693] pci 0005:01:00.2: [8086:1521] type 00 class 0x020000
[    9.142778] pci 0005:01:00.2: reg 0x10: [mem 0x00000000-0x0001ffff]
[    9.142861] pci 0005:01:00.2: reg 0x18: [io  0x0000-0x001f]
[    9.142904] pci 0005:01:00.2: reg 0x1c: [mem 0x00000000-0x00003fff]
[    9.143540] pci 0005:01:00.2: PME# supported from D0 D3hot
[    9.143750] pci 0005:01:00.2: reg 0x184: [mem 0x00000000-0x00003fff 64bit pref]
[    9.143754] pci 0005:01:00.2: VF(n) BAR0 space: [mem 0x00000000-0x0001ffff 64bit pref] (contains BAR0 for 8 VFs)
[    9.143868] pci 0005:01:00.2: reg 0x190: [mem 0x00000000-0x00003fff 64bit pref]
[    9.143872] pci 0005:01:00.2: VF(n) BAR3 space: [mem 0x00000000-0x0001ffff 64bit pref] (contains BAR3 for 8 VFs)
[    9.144333] iommu: Adding device 0005:01:00.2 to group 67
[    9.144489] pci 0005:01:00.3: [8086:1521] type 00 class 0x020000
[    9.144576] pci 0005:01:00.3: reg 0x10: [mem 0x00000000-0x0001ffff]
[    9.144659] pci 0005:01:00.3: reg 0x18: [io  0x0000-0x001f]
[    9.144702] pci 0005:01:00.3: reg 0x1c: [mem 0x00000000-0x00003fff]
[    9.145346] pci 0005:01:00.3: PME# supported from D0 D3hot
[    9.145568] pci 0005:01:00.3: reg 0x184: [mem 0x00000000-0x00003fff 64bit pref]
[    9.145576] pci 0005:01:00.3: VF(n) BAR0 space: [mem 0x00000000-0x0001ffff 64bit pref] (contains BAR0 for 8 VFs)
[    9.145692] pci 0005:01:00.3: reg 0x190: [mem 0x00000000-0x00003fff 64bit pref]
[    9.145696] pci 0005:01:00.3: VF(n) BAR3 space: [mem 0x00000000-0x0001ffff 64bit pref] (contains BAR3 for 8 VFs)
[    9.146136] iommu: Adding device 0005:01:00.3 to group 68
[    9.159037] pci 0005:00:00.0: BAR 14: assigned [mem 0x1f40000000-0x1f400fffff]
[    9.159044] pci 0005:00:00.0: BAR 15: assigned [mem 0x1c00000000-0x1c000fffff 64bit pref]
[    9.159048] pci 0005:00:00.0: BAR 13: assigned [io  0x400000-0x400fff]
[    9.159058] pci 0005:01:00.0: BAR 0: assigned [mem 0x1f40000000-0x1f4001ffff]
[    9.159080] pci 0005:01:00.1: BAR 0: assigned [mem 0x1f40020000-0x1f4003ffff]
[    9.159099] pci 0005:01:00.2: BAR 0: assigned [mem 0x1f40040000-0x1f4005ffff]
[    9.159118] pci 0005:01:00.3: BAR 0: assigned [mem 0x1f40060000-0x1f4007ffff]
[    9.159138] pci 0005:01:00.0: BAR 3: assigned [mem 0x1f40080000-0x1f40083fff]
[    9.159157] pci 0005:01:00.0: BAR 7: assigned [mem 0x1c00000000-0x1c0001ffff 64bit pref]
[    9.159188] pci 0005:01:00.0: BAR 10: assigned [mem 0x1c00020000-0x1c0003ffff 64bit pref]
[    9.159233] pci 0005:01:00.1: BAR 3: assigned [mem 0x1f40084000-0x1f40087fff]
[    9.159253] pci 0005:01:00.1: BAR 7: assigned [mem 0x1c00040000-0x1c0005ffff 64bit pref]
[    9.159280] pci 0005:01:00.1: BAR 10: assigned [mem 0x1c00060000-0x1c0007ffff 64bit pref]
[    9.159308] pci 0005:01:00.2: BAR 3: assigned [mem 0x1f40088000-0x1f4008bfff]
[    9.159327] pci 0005:01:00.2: BAR 7: assigned [mem 0x1c00080000-0x1c0009ffff 64bit pref]
[    9.159355] pci 0005:01:00.2: BAR 10: assigned [mem 0x1c000a0000-0x1c000bffff 64bit pref]
[    9.159382] pci 0005:01:00.3: BAR 3: assigned [mem 0x1f4008c000-0x1f4008ffff]
[    9.159402] pci 0005:01:00.3: BAR 7: assigned [mem 0x1c000c0000-0x1c000dffff 64bit pref]
[    9.159429] pci 0005:01:00.3: BAR 10: assigned [mem 0x1c000e0000-0x1c000fffff 64bit pref]
[    9.159468] pci 0005:01:00.0: BAR 2: assigned [io  0x400000-0x40001f]
[    9.159488] pci 0005:01:00.1: BAR 2: assigned [io  0x400020-0x40003f]
[    9.159507] pci 0005:01:00.2: BAR 2: assigned [io  0x400040-0x40005f]
[    9.159526] pci 0005:01:00.3: BAR 2: assigned [io  0x400060-0x40007f]
[    9.159547] pci 0005:00:00.0: PCI bridge to [bus 01-ff]
[    9.159551] pci 0005:00:00.0:   bridge window [io  0x400000-0x400fff]
[    9.159557] pci 0005:00:00.0:   bridge window [mem 0x1f40000000-0x1f400fffff]
[    9.159562] pci 0005:00:00.0:   bridge window [mem 0x1c00000000-0x1c000fffff 64bit pref]
[    9.159575] pci 0005:00:00.0: Max Payload Size set to  256/ 256 (was  256), Max Read Rq  512
[    9.159618] pci 0005:01:00.0: Max Payload Size set to  256/ 512 (was  128), Max Read Rq  512
[    9.159662] pci 0005:01:00.1: Max Payload Size set to  256/ 512 (was  128), Max Read Rq  512
[    9.159718] pci 0005:01:00.2: Max Payload Size set to  256/ 512 (was  128), Max Read Rq  512
[    9.159761] pci 0005:01:00.3: Max Payload Size set to  256/ 512 (was  128), Max Read Rq  512
[    9.159971] pcieport 0005:00:00.0: Signaling PME through PCIe PME interrupt
[    9.159975] pci 0005:01:00.0: Signaling PME through PCIe PME interrupt
[    9.159978] pci 0005:01:00.1: Signaling PME through PCIe PME interrupt
[    9.159980] pci 0005:01:00.2: Signaling PME through PCIe PME interrupt
[    9.159983] pci 0005:01:00.3: Signaling PME through PCIe PME interrupt
[    9.159988] pcie_pme 0005:00:00.0:pcie001: service driver pcie_pme loaded
[    9.160074] aer 0005:00:00.0:pcie002: service driver aer loaded
[    9.160272] igb 0005:01:00.0: enabling device (0000 -> 0002)
[    9.219347] igb 0005:01:00.0: added PHC on eth1
[    9.219351] igb 0005:01:00.0: Intel(R) Gigabit Ethernet Network Connection
[    9.219355] igb 0005:01:00.0: eth1: (PCIe:5.0Gb/s:Width x4) 78:d0:04:2e:2d:e3
[    9.219438] igb 0005:01:00.0: eth1: PBA No: 106300-000
[    9.219441] igb 0005:01:00.0: Using MSI-X interrupts. 8 rx queue(s), 8 tx queue(s)
[    9.219610] igb 0005:01:00.1: enabling device (0000 -> 0002)
[    9.278565] igb 0005:01:00.1: added PHC on eth2
[    9.278569] igb 0005:01:00.1: Intel(R) Gigabit Ethernet Network Connection
[    9.278573] igb 0005:01:00.1: eth2: (PCIe:5.0Gb/s:Width x4) 78:d0:04:2e:2d:e4
[    9.278656] igb 0005:01:00.1: eth2: PBA No: 106300-000
[    9.278659] igb 0005:01:00.1: Using MSI-X interrupts. 8 rx queue(s), 8 tx queue(s)
[    9.278810] igb 0005:01:00.2: enabling device (0000 -> 0002)
[    9.337749] igb 0005:01:00.2: added PHC on eth3
[    9.337753] igb 0005:01:00.2: Intel(R) Gigabit Ethernet Network Connection
[    9.337757] igb 0005:01:00.2: eth3: (PCIe:5.0Gb/s:Width x4) 78:d0:04:2e:2d:e5
[    9.337843] igb 0005:01:00.2: eth3: PBA No: 106300-000
[    9.337847] igb 0005:01:00.2: Using MSI-X interrupts. 8 rx queue(s), 8 tx queue(s)
[    9.338042] igb 0005:01:00.3: enabling device (0000 -> 0002)
[    9.396919] igb 0005:01:00.3: added PHC on eth4
[    9.396924] igb 0005:01:00.3: Intel(R) Gigabit Ethernet Network Connection
[    9.396927] igb 0005:01:00.3: eth4: (PCIe:5.0Gb/s:Width x4) 78:d0:04:2e:2d:e6
[    9.397010] igb 0005:01:00.3: eth4: PBA No: 106300-000
[    9.397013] igb 0005:01:00.3: Using MSI-X interrupts. 8 rx queue(s), 8 tx queue(s)
[    9.410511] tegra-cbb 14040000.cv-noc: noc_secure_irq = 100, noc_nonsecure_irq = 99>
[    9.417285] tegra194-isp5 14800000.isp: initialized
[    9.423216] tegra194-vi5 15c10000.vi: using default number of vi channels, 36
[    9.429855] tegra194-vi5 15c10000.vi: initialized
[    9.434696] tegra194-vi5 15c10000.vi: subdev 15a00000.nvcsi--8 bound
[    9.434748] tegra194-vi5 15c10000.vi: subdev 15a00000.nvcsi--7 bound
[    9.434813] tegra194-vi5 15c10000.vi: subdev 15a00000.nvcsi--6 bound
[    9.434854] tegra194-vi5 15c10000.vi: subdev 15a00000.nvcsi--5 bound
[    9.434898] tegra194-vi5 15c10000.vi: subdev 15a00000.nvcsi--4 bound
[    9.434958] tegra194-vi5 15c10000.vi: subdev 15a00000.nvcsi--3 bound
[    9.435001] tegra194-vi5 15c10000.vi: subdev 15a00000.nvcsi--2 bound
[    9.435045] tegra194-vi5 15c10000.vi: subdev 15a00000.nvcsi--1 bound
[    9.435230] tegra-thermal-throttle bthrot_cdev: clk:cpu max:2265600000, min:115200000 steps:28
[    9.440746] ata2: SATA link down (SStatus 0 SControl 300)
[    9.490020] tegra-thermal-throttle bthrot_cdev: clk:gpu max:1377000000, min:114750000 steps:13
[    9.490039] tegra-thermal-throttle bthrot_cdev: cdev:skin-balanced clk:0:cpu off:0 slope-adj:200
[    9.490043] tegra-thermal-throttle bthrot_cdev: cdev:skin-balanced clk:1:gpu off:0 slope-adj:400
[    9.490128] tegra-thermal-throttle bthrot_cdev: cdev:skin-balanced max_state:56 cutoff:0
[    9.490201] tegra-thermal-throttle bthrot_cdev: cdev:gpu-balanced clk:0:cpu off:0 slope-adj:400
[    9.490205] tegra-thermal-throttle bthrot_cdev: cdev:gpu-balanced clk:1:gpu off:0 slope-adj:400
[    9.495658] tegra-thermal-throttle bthrot_cdev: cdev:gpu-balanced max_state:52 cutoff:1
[    9.495709] tegra-thermal-throttle bthrot_cdev: cdev:cpu-balanced clk:0:cpu off:0 slope-adj:200
[    9.495713] tegra-thermal-throttle bthrot_cdev: cdev:cpu-balanced clk:1:gpu off:365500000 slope-adj:300
[    9.496042] tegra-thermal-throttle bthrot_cdev: cdev:cpu-balanced max_state:56 cutoff:0
[    9.496073] tegra-thermal-throttle bthrot_cdev: cdev:emergency-balanced clk:0:cpu off:38400000 slope-adj:10
[    9.496077] tegra-thermal-throttle bthrot_cdev: cdev:emergency-balanced clk:1:gpu off:25500000 slope-adj:10
[    9.496396] tegra-thermal-throttle bthrot_cdev: cdev:emergency-balanced max_state:2 cutoff:0
[    9.496434] tegra-thermal-throttle bthrot_cdev: cdev:aux-balanced clk:0:cpu off:0 slope-adj:400
[    9.496438] tegra-thermal-throttle bthrot_cdev: cdev:aux-balanced clk:1:gpu off:0 slope-adj:400
[    9.496629] tegra-thermal-throttle bthrot_cdev: cdev:aux-balanced max_state:52 cutoff:1
[    9.497316] tegra186-cam-rtcpu bc00000.rtcpu: Trace buffer configured at IOVA=0xbff00000
[    9.574787] tegra-ivc ivc-bc00000.rtcpu: region 0: iova=0xbfee0000-0xbfefffff size=131072
[    9.575120] tegra-ivc ivc-bc00000.rtcpu:echo@0: echo: ver=0 grp=1 RX[16x64]=0x1000-0x1480 TX[16x64]=0x1480-0x1900
[    9.575326] tegra-ivc ivc-bc00000.rtcpu:dbg@1: dbg: ver=0 grp=1 RX[1x384]=0x1900-0x1b00 TX[1x384]=0x1b00-0x1d00
[    9.575497] tegra-ivc ivc-bc00000.rtcpu:dbg@2: dbg: ver=0 grp=1 RX[1x8192]=0x1d00-0x3d80 TX[1x8192]=0x3d80-0x5e00
[    9.575787] tegra-ivc ivc-bc00000.rtcpu:ivccontrol@3: ivccontrol: ver=0 grp=1 RX[64x320]=0x5e00-0xae80 TX[64x320]=0xae80-0xff00
[    9.575838] tegra-ivc ivc-bc00000.rtcpu:ivccapture@4: ivccapture: ver=0 grp=1 RX[512x64]=0xff00-0x17f80 TX[512x64]=0x17f80-0x20000
[    9.576014] tegra186-cam-rtcpu bc00000.rtcpu: using cam RTCPU IRQ (72)
[    9.576018] tegra186-cam-rtcpu bc00000.rtcpu: tegra_camrtc_mon_create is successful
[    9.577038] tegra186-cam-rtcpu bc00000.rtcpu: firmware version cpu=rce cmd=5 sha1=06bdc710c3c9a48de2881774602bbcf4d0114a58
[    9.577388] Wake83 for irq=211
[    9.577461] gpio tegra-gpio wake67 for gpio=48(G:0)
[    9.577541] gpio tegra-gpio-aon wake29 for gpio=36(EE:4)
[    9.577652] input: gpio-keys as /devices/gpio-keys/input/input4
[    9.611368] tegra_rtc c2a0000.rtc: setting system clock to 2022-08-13 01:09:05 UTC (1660352945)
[    9.611870] mmcblk mmc0:0001: Card claimed for testing.
[    9.658840] bpmp: mounted debugfs mirror
[    9.664388] ALSA device list:
[    9.664395]   #0: tegra-hda-galen-t194 at 0x3518000 irq 71
[    9.665932] Freeing unused kernel memory: 8896K
[    9.701112] Root device found: mmcblk0p1
[    9.702749] Found dev node: /dev/mmcblk0p1
[    9.725157] EXT4-fs (mmcblk0p1): warning: mounting fs with errors, running e2fsck is recommended
[    9.758309] EXT4-fs (mmcblk0p1): mounted filesystem with ordered data mode. Opts: (null)
[    9.760665] Rootfs mounted over mmcblk0p1
[    9.778675] Switching from initrd to actual rootfs
[    9.920258] ip_tables: (C) 2000-2006 Netfilter Core Team
[    9.924417] cgroup: cgroup2: unknown option "nsdelegate"
[    9.931486] systemd[1]: systemd 237 running in system mode. (+PAM +AUDIT +SELINUX +IMA +APPARMOR +SMACK +SYSVINIT +UTMP +LIBCRYPTSETUP +GCRYPT +GNUTLS +ACL +XZ +LZ4 +SECCOMP +BLKID +ELFUTILS +KMOD -IDN2 +IDN -PCRE2 default-hierarchy=hybrid)
[    9.932088] systemd[1]: Detected architecture arm64.
[    9.936859] systemd[1]: Set hostname to <nvidia-desktop>.
[   10.040705] systemd[1]: File /lib/systemd/system/systemd-journald.service:36 configures an IP firewall (IPAddressDeny=any), but the local system does not support BPF/cgroup based firewalling.
[   10.040718] systemd[1]: Proceeding WITHOUT firewalling in effect! (This warning is only shown for the first loaded unit using IP firewalling.)
[   10.185279] random: systemd: uninitialized urandom read (16 bytes read)
[   10.185599] systemd[1]: Set up automount Arbitrary Executable File Formats File System Automount Point.
[   10.185742] random: systemd: uninitialized urandom read (16 bytes read)
[   10.185761] systemd[1]: Reached target Swap.
[   10.185791] random: systemd: uninitialized urandom read (16 bytes read)
[   10.185913] systemd[1]: Started Forward Password Requests to Wall Directory Watch.
[   10.185961] systemd[1]: Reached target User and Group Name Lookups.
[   10.188523] systemd[1]: Created slice User and Session Slice.
[   10.223411] EXT4-fs (mmcblk0p1): re-mounted. Opts: (null)
[   10.284344] nvgpu: 17000000.gv11b          nvgpu_nvhost_syncpt_init:291  [INFO]  syncpt_unit_base 60000000 syncpt_unit_size 400000 size 1000

[   10.473266] systemd-journald[2494]: Received request to flush runtime journal from PID 1
[   10.479426] squashfs: SQUASHFS error: Xattrs in filesystem, these will be ignored
[   10.479581] squashfs: SQUASHFS error: unable to read xattr id index table
[   10.495025] squashfs: SQUASHFS error: Xattrs in filesystem, these will be ignored
[   10.495194] squashfs: SQUASHFS error: unable to read xattr id index table
[   10.758478] FAN rising trip_level:1 cur_temp:51550 trip_temps[2]:63000
[   10.920245] cpu-throttle-alert cooling device registered.
[   10.921753] gpu-throttle-alert cooling device registered.
[   10.922119] aux-throttle-alert cooling device registered.
[   10.924242] gpio tegra-gpio wake44 for gpio=192(Y:0)
[   10.980519] CAN device driver interface
[   10.983690] cdc_acm 1-2:1.0: ttyACM0: USB ACM device
[   10.984094] usbcore: registered new interface driver cdc_acm
[   10.984100] cdc_acm: USB Abstract Control Model driver for USB modems and ISDN adapters
[   10.985142] gs_usb 1-3:1.0: Configuring for 1 interfaces
[   10.985738] usbcore: registered new interface driver gs_usb
[   12.241928] EXT4-fs (nvme0n1p1): mounted filesystem with ordered data mode. Opts: (null)
[   12.639840] IPv6: ADDRCONF(NETDEV_UP): eth4: link is not ready
[   12.764855] IPv6: ADDRCONF(NETDEV_UP): eth3: link is not ready
[   13.125615] random: crng init done
[   13.125721] random: 7 urandom warning(s) missed due to ratelimiting
[   13.126847] EXT4-fs error (device mmcblk0p1): ext4_validate_block_bitmap:394: comm sh: bg 80: bad block bitmap checksum
[   13.191799] IPv6: ADDRCONF(NETDEV_UP): can0: link is not ready
[   13.191822] IPv6: ADDRCONF(NETDEV_CHANGE): can0: link becomes ready
[   13.310745] can: controller area network core (rev 20120528 abi 9)
[   13.311261] NET: Registered protocol family 29
[   13.327828] can: raw protocol (rev 20120528)
[   13.365606] 	 Message RAM Configuration
               	| base addr   |0x0c312000|
               	| sidfc_flssa |0x00000000|
               	| xidfc_flesa |0x00000040|
               	| rxf0c_f0sa  |0x000000c0|
               	| rxf1c_f1sa  |0x000009c0|
               	| rxbc_rbsa   |0x000009c0|
               	| txefc_efsa  |0x000009c0|
               	| txbc_tbsa   |0x00000a40|
               	| tmc_tmsa    |0x00000ec0|
[   13.365724] Release 3.2.0 from 19.12.2014
[   13.366041] net can1: mttcan device registered (regs=ffffff8008007000, irq=69)
[   13.372581] 	 Message RAM Configuration
               	| base addr   |0x0c322000|
               	| sidfc_flssa |0x00000000|
               	| xidfc_flesa |0x00000040|
               	| rxf0c_f0sa  |0x000000c0|
               	| rxf1c_f1sa  |0x000009c0|
               	| rxbc_rbsa   |0x000009c0|
               	| txefc_efsa  |0x000009c0|
               	| txbc_tbsa   |0x00000a40|
               	| tmc_tmsa    |0x00000ec0|
[   13.372686] Release 3.2.0 from 19.12.2014
[   13.373214] net can2: mttcan device registered (regs=ffffff800800d000, irq=70)
[   13.408109] mttcan c310000.mttcan can1: Bitrate set
[   13.436541] mttcan_controller_config: ctrlmode 30
[   13.436572] mttcan c310000.mttcan can1: Bitrate set
[   13.436893] IPv6: ADDRCONF(NETDEV_UP): can1: link is not ready
[   13.797788] nvgpu: 17000000.gv11b                 tpc_pg_mask_store:843  [INFO]  no value change, same mask already set
[   13.938065] IPv6: ADDRCONF(NETDEV_UP): eth0: link is not ready
[   14.785681] zram: Added device: zram0
[   14.790611] zram: Added device: zram1
[   14.793164] zram: Added device: zram2
[   14.795025] zram: Added device: zram3
[   14.796609] zram: Added device: zram4
[   14.798894] zram: Added device: zram5
[   14.803572] zram: Added device: zram6
[   14.807264] zram: Added device: zram7
[   14.875737] zram0: detected capacity change from 0 to 2091868160
[   14.965478] Adding 2042836k swap on /dev/zram0.  Priority:5 extents:1 across:2042836k SS
[   14.973005] zram1: detected capacity change from 0 to 2091868160
[   15.014431] Adding 2042836k swap on /dev/zram1.  Priority:5 extents:1 across:2042836k SS
[   15.020554] zram2: detected capacity change from 0 to 2091868160
[   15.057051] Adding 2042836k swap on /dev/zram2.  Priority:5 extents:1 across:2042836k SS
[   15.066083] zram3: detected capacity change from 0 to 2091868160
[   15.092690] Adding 2042836k swap on /dev/zram3.  Priority:5 extents:1 across:2042836k SS
[   15.106749] zram4: detected capacity change from 0 to 2091868160
[   15.130837] Adding 2042836k swap on /dev/zram4.  Priority:5 extents:1 across:2042836k SS
[   15.142482] zram5: detected capacity change from 0 to 2091868160
[   15.166977] Adding 2042836k swap on /dev/zram5.  Priority:5 extents:1 across:2042836k SS
[   15.173787] zram6: detected capacity change from 0 to 2091868160
[   15.202666] Adding 2042836k swap on /dev/zram6.  Priority:5 extents:1 across:2042836k SS
[   15.209491] zram7: detected capacity change from 0 to 2091868160
[   15.232925] Adding 2042836k swap on /dev/zram7.  Priority:5 extents:1 across:2042836k SS
[   16.146743] igb 0005:01:00.3 eth4: igb: eth4 NIC Link is Up 1000 Mbps Full Duplex, Flow Control: RX/TX
[   16.586793] igb 0005:01:00.2 eth3: igb: eth3 NIC Link is Up 1000 Mbps Full Duplex, Flow Control: RX/TX
[   17.106800] tegradc 15210000.nvdisplay: blank - powerdown
[   17.106823] tegradc 15220000.nvdisplay: blank - powerdown
[   19.662837] net eth0: Failed to reset MAC
[   19.663028] IPv6: ADDRCONF(NETDEV_CHANGE): can1: link becomes ready
[   19.663189] IPv6: ADDRCONF(NETDEV_CHANGE): eth4: link becomes ready
[   19.663584] IPv6: ADDRCONF(NETDEV_CHANGE): eth3: link becomes ready
[   19.665047] Bridge firewalling registered
[   19.688601] nf_conntrack version 0.5.0 (65536 buckets, 262144 max)
[   19.694333] IPv6: ADDRCONF(NETDEV_UP): eth1: link is not ready
[   19.813200] IPv6: ADDRCONF(NETDEV_UP): eth1: link is not ready
[   19.835424] IPv6: ADDRCONF(NETDEV_UP): eth2: link is not ready
[   19.953212] IPv6: ADDRCONF(NETDEV_UP): eth2: link is not ready
[   20.157210] Netfilter messages via NETLINK v0.30.
[   20.160853] ctnetlink v0.93: registering with nfnetlink.
[   20.289351] fuse init (API version 7.26)
[   20.452682] IPv6: ADDRCONF(NETDEV_UP): docker0: link is not ready
[   21.418290] usb 1-4: new high-speed USB device number 4 using tegra-xusb
[   21.439355] usb 1-4: config 1 has an invalid interface number: 12 but max is 4
[   21.439528] usb 1-4: config 1 has an invalid interface number: 13 but max is 4
[   21.439654] usb 1-4: config 1 has an invalid interface number: 13 but max is 4
[   21.439789] usb 1-4: config 1 has no interface number 1
[   21.439892] usb 1-4: config 1 has no interface number 4
[   21.440593] usb 1-4: New USB device found, idVendor=1199, idProduct=9071
[   21.440600] usb 1-4: New USB device strings: Mfr=1, Product=2, SerialNumber=3
[   21.440607] usb 1-4: Product: Sierra Wireless EM7455 Qualcomm Snapdragon X7 LTE-A
[   21.440613] usb 1-4: Manufacturer: Sierra Wireless, Incorporated
[   21.440618] usb 1-4: SerialNumber: LF14112355011037
[   21.513792] GobiNet: loading out-of-tree module taints kernel.
[   21.523518] GobiNet: 2020-08-17/SWI_2.64
[   21.523932] usbcore: registered new interface driver GobiNet
[   21.529561] usbcore: registered new interface driver GobiSerial
[   21.529624] usbserial: USB Serial support registered for GobiSerial
[   21.531033] GobiSerial 1-4:1.0: GobiSerial converter detected
[   21.533796] usb 1-4: GobiSerial converter now attached to ttyUSB0
[   21.534796] GobiSerial 1-4:1.2: GobiSerial converter detected
[   21.535960] usb 1-4: GobiSerial converter now attached to ttyUSB1
[   21.537627] GobiSerial 1-4:1.3: GobiSerial converter detected
[   21.538063] usb 1-4: GobiSerial converter now attached to ttyUSB2
[   21.538390] GobiSerial: 2020-08-17/SWI_2.42:GobiSerial
[   22.950817] igb 0005:01:00.1 eth2: igb: eth2 NIC Link is Up 1000 Mbps Full Duplex, Flow Control: RX/TX
[   23.515495] Bluetooth: BNEP (Ethernet Emulation) ver 1.3
[   23.515519] Bluetooth: BNEP socket layer initialized
[   25.110382] igb 0005:01:00.1: exceed max 2 second
[   25.110886] igb 0005:01:00.1 eth2: igb: eth2 NIC Link is Down
[   25.693367] usb usb2: usb_suspend_both: status 0
[   25.707143] usb usb2: usb_suspend_both: status 0
[   25.719851] usb usb2: usb_suspend_both: status 0
[   25.735044] usb usb2: usb_suspend_both: status 0
[   25.764018] usb usb2: usb_suspend_both: status 0
[   25.779553] usb usb2: usb_suspend_both: status 0
[   25.791905] usb usb2: usb_suspend_both: status 0
[   25.814956] usb usb2: usb_suspend_both: status 0
[   25.832986] usb usb2: usb_suspend_both: status 0
[   25.852508] usb usb2: usb_suspend_both: status 0
[   25.869496] usb usb2: usb_suspend_both: status 0
[   26.417014] usb usb2: usb_suspend_both: status 0
[   26.440306] usb usb2: usb_suspend_both: status 0
[   26.457429] usb usb2: usb_suspend_both: status 0
[   26.487885] usb usb2: usb_suspend_both: status 0
[   26.502955] usb usb2: usb_suspend_both: status 0
[   26.527457] usb usb2: usb_suspend_both: status 0
[   26.541351] usb usb2: usb_suspend_both: status 0
[   26.561658] usb usb2: usb_suspend_both: status 0
[   26.585540] usb usb2: usb_suspend_both: status 0
[   26.618695] usb usb2: usb_suspend_both: status 0
[   26.639808] usb usb2: usb_suspend_both: status 0
[   26.655526] usb usb2: usb_suspend_both: status 0
[   26.671063] usb usb2: usb_suspend_both: status 0
[   26.786949] igb 0005:01:00.1 eth2: igb: eth2 NIC Link is Up 1000 Mbps Full Duplex, Flow Control: RX/TX
[   26.787324] IPv6: ADDRCONF(NETDEV_CHANGE): eth2: link becomes ready
[   28.394457] igb 0005:01:00.1 eth2: igb: eth2 NIC Link is Down
[   28.533799] usb usb2: usb_suspend_both: status 0
[   28.545695] usb usb2: usb_suspend_both: status 0
[   28.558168] usb usb2: usb_suspend_both: status 0
[   28.571091] usb usb2: usb_suspend_both: status 0
[   28.582942] usb usb2: usb_suspend_both: status 0
[   28.599081] usb usb2: usb_suspend_both: status 0
[   28.612082] usb usb2: usb_suspend_both: status 0
[   28.623989] usb usb2: usb_suspend_both: status 0
[   28.638994] usb usb2: usb_suspend_both: status 0
[   28.653194] usb usb2: usb_suspend_both: status 0
[   28.671405] usb usb2: usb_suspend_both: status 0
[   28.685876] usb usb2: usb_suspend_both: status 0
[   28.699865] usb usb2: usb_suspend_both: status 0
[   28.712224] usb usb2: usb_suspend_both: status 0
[   29.729544] usb usb2: usb_suspend_both: status 0
[   29.749565] usb usb2: usb_suspend_both: status 0
[   29.765984] usb usb2: usb_suspend_both: status 0
[   29.779132] usb usb2: usb_suspend_both: status 0
[   29.792469] usb usb2: usb_suspend_both: status 0
[   29.812738] usb usb2: usb_suspend_both: status 0
[   29.828928] usb usb2: usb_suspend_both: status 0
[   29.846953] usb usb2: usb_suspend_both: status 0
[   40.290478] vdd-1v8-cvb: disabling
[   40.290521] vdd-1v8-sd: disabling
[   40.290527] vdd-epb-1v0: disabling
[   40.290532] avdd-cam-2v8: disabling
[   40.290537] vdd-sata-1v5: disabling
[   40.290543] vdd-1v8-slt: disabling
[   40.290547] vdd-3v3-slt: disabling
[   40.290552] vdd-fan: disabling
[   40.290556] vdd_sys_en: disabling
[   48.386730] igb 0005:01:00.1 eth2: igb: eth2 NIC Link is Up 1000 Mbps Full Duplex, Flow Control: RX/TX
[  129.146871] igb 0005:01:00.2 eth3: igb: eth3 NIC Link is Down
[  133.147227] igb 0005:01:00.2 eth3: igb: eth3 NIC Link is Up 1000 Mbps Full Duplex, Flow Control: RX/TX
[  169.793689] FAN rising trip_level:1 cur_temp:50050 trip_temps[2]:63000
[  316.769227] EXT4-fs (mmcblk0p1): error count since last fsck: 5242
[  316.769377] EXT4-fs (mmcblk0p1): initial error at time 1657646588: ext4_validate_inode_bitmap:98
[  316.769546] EXT4-fs (mmcblk0p1): last error at time 1660352949: ext4_validate_block_bitmap:394
[  352.769013] igb 0005:01:00.2 eth3: igb: eth3 NIC Link is Down
[  356.497310] igb 0005:01:00.2 eth3: igb: eth3 NIC Link is Up 1000 Mbps Full Duplex, Flow Control: RX/TX
[  470.699548] igb 0005:01:00.2 eth3: igb: eth3 NIC Link is Down
[  474.515795] igb 0005:01:00.2 eth3: igb: eth3 NIC Link is Up 1000 Mbps Full Duplex, Flow Control: RX/TX
[  799.475389] igb 0005:01:00.2 eth3: igb: eth3 NIC Link is Down
[  803.255638] igb 0005:01:00.2 eth3: igb: eth3 NIC Link is Up 1000 Mbps Full Duplex, Flow Control: RX/TX
[  873.486390] igb 0005:01:00.2 eth3: igb: eth3 NIC Link is Down
[  877.250657] igb 0005:01:00.2 eth3: igb: eth3 NIC Link is Up 1000 Mbps Full Duplex, Flow Control: RX/TX
[  885.270264] igb 0005:01:00.2 eth3: igb: eth3 NIC Link is Down
[  888.946574] igb 0005:01:00.2 eth3: igb: eth3 NIC Link is Up 1000 Mbps Full Duplex, Flow Control: RX/TX
[ 1015.832644] igb 0005:01:00.2 eth3: igb: eth3 NIC Link is Down
[ 1019.632859] igb 0005:01:00.2 eth3: igb: eth3 NIC Link is Up 1000 Mbps Full Duplex, Flow Control: RX/TX
[ 1042.400324] igb 0005:01:00.2 eth3: igb: eth3 NIC Link is Down
[ 1046.132525] igb 0005:01:00.2 eth3: igb: eth3 NIC Link is Up 1000 Mbps Full Duplex, Flow Control: RX/TX
[ 1165.142855] igb 0005:01:00.2 eth3: igb: eth3 NIC Link is Down
[ 1168.906644] igb 0005:01:00.2 eth3: igb: eth3 NIC Link is Up 1000 Mbps Full Duplex, Flow Control: RX/TX
[ 1532.703502] igb 0005:01:00.2 eth3: igb: eth3 NIC Link is Down
[ 1536.467501] igb 0005:01:00.2 eth3: igb: eth3 NIC Link is Up 1000 Mbps Full Duplex, Flow Control: RX/TX
[ 1583.964389] igb 0005:01:00.2 eth3: igb: eth3 NIC Link is Down
[ 1587.708517] igb 0005:01:00.2 eth3: igb: eth3 NIC Link is Up 1000 Mbps Full Duplex, Flow Control: RX/TX
[ 1693.138539] igb 0005:01:00.2 eth3: igb: eth3 NIC Link is Down
[ 1696.830730] igb 0005:01:00.2 eth3: igb: eth3 NIC Link is Up 1000 Mbps Full Duplex, Flow Control: RX/TX
[ 1728.052810] igb 0005:01:00.2 eth3: igb: eth3 NIC Link is Down
[ 1731.800965] igb 0005:01:00.2 eth3: igb: eth3 NIC Link is Up 1000 Mbps Full Duplex, Flow Control: RX/TX
[ 1941.417909] gs_usb 1-3:1.0 can0: usb xmit fail 9
[ 1941.418239] gs_usb 1-3:1.0 can0: usb xmit fail 8
[ 1941.418592] gs_usb 1-3:1.0 can0: usb xmit fail 7
[ 1941.418904] gs_usb 1-3:1.0 can0: usb xmit fail 6
[ 1941.419253] gs_usb 1-3:1.0 can0: usb xmit fail 5
[ 1941.419579] gs_usb 1-3:1.0 can0: usb xmit fail 4
[ 1941.419972] gs_usb 1-3:1.0 can0: usb xmit fail 3
[ 1942.439609] gs_usb 1-3:1.0 can0: Couldn't shutdown device (err=-110)
[ 1942.497040] gs_usb 1-3:1.0: Couldn't set bittimings (err=-71)
[ 1942.530512] gs_usb 1-3:1.0 can0: Couldn't start device (err=-71)
[ 2002.035171] gs_usb 1-3:1.0: Couldn't set bittimings (err=-71)
[ 2002.082400] gs_usb 1-3:1.0 can0: Couldn't start device (err=-71)
[ 2007.480803] igb 0005:01:00.2 eth3: igb: eth3 NIC Link is Down
[ 2011.368904] igb 0005:01:00.2 eth3: igb: eth3 NIC Link is Up 1000 Mbps Full Duplex, Flow Control: RX/TX
